Archive member included to satisfy reference by file (symbol)

/usr/lib/gcc/arm-none-eabi/10.3.1/../../../arm-none-eabi/lib/thumb/v7e-m+fp/hard/libc_nano.a(lib_a-atexit.o)
                              /usr/lib/gcc/arm-none-eabi/10.3.1/../../../arm-none-eabi/lib/thumb/v7e-m+fp/hard/crt0.o (atexit)
/usr/lib/gcc/arm-none-eabi/10.3.1/../../../arm-none-eabi/lib/thumb/v7e-m+fp/hard/libc_nano.a(lib_a-errno.o)
                              build/sysmem.o (__errno)
/usr/lib/gcc/arm-none-eabi/10.3.1/../../../arm-none-eabi/lib/thumb/v7e-m+fp/hard/libc_nano.a(lib_a-exit.o)
                              /usr/lib/gcc/arm-none-eabi/10.3.1/../../../arm-none-eabi/lib/thumb/v7e-m+fp/hard/crt0.o (exit)
/usr/lib/gcc/arm-none-eabi/10.3.1/../../../arm-none-eabi/lib/thumb/v7e-m+fp/hard/libc_nano.a(lib_a-fini.o)
                              /usr/lib/gcc/arm-none-eabi/10.3.1/../../../arm-none-eabi/lib/thumb/v7e-m+fp/hard/crt0.o (__libc_fini_array)
/usr/lib/gcc/arm-none-eabi/10.3.1/../../../arm-none-eabi/lib/thumb/v7e-m+fp/hard/libc_nano.a(lib_a-impure.o)
                              /usr/lib/gcc/arm-none-eabi/10.3.1/../../../arm-none-eabi/lib/thumb/v7e-m+fp/hard/libc_nano.a(lib_a-exit.o) (_global_impure_ptr)
/usr/lib/gcc/arm-none-eabi/10.3.1/../../../arm-none-eabi/lib/thumb/v7e-m+fp/hard/libc_nano.a(lib_a-init.o)
                              /usr/lib/gcc/arm-none-eabi/10.3.1/../../../arm-none-eabi/lib/thumb/v7e-m+fp/hard/crt0.o (__libc_init_array)
/usr/lib/gcc/arm-none-eabi/10.3.1/../../../arm-none-eabi/lib/thumb/v7e-m+fp/hard/libc_nano.a(lib_a-memset.o)
                              /usr/lib/gcc/arm-none-eabi/10.3.1/../../../arm-none-eabi/lib/thumb/v7e-m+fp/hard/crt0.o (memset)
/usr/lib/gcc/arm-none-eabi/10.3.1/../../../arm-none-eabi/lib/thumb/v7e-m+fp/hard/libc_nano.a(lib_a-strlen.o)
                              build/can.o (strlen)
/usr/lib/gcc/arm-none-eabi/10.3.1/../../../arm-none-eabi/lib/thumb/v7e-m+fp/hard/libc_nano.a(lib_a-__atexit.o)
                              /usr/lib/gcc/arm-none-eabi/10.3.1/../../../arm-none-eabi/lib/thumb/v7e-m+fp/hard/libc_nano.a(lib_a-atexit.o) (__register_exitproc)
/usr/lib/gcc/arm-none-eabi/10.3.1/../../../arm-none-eabi/lib/thumb/v7e-m+fp/hard/libc_nano.a(lib_a-__call_atexit.o)
                              /usr/lib/gcc/arm-none-eabi/10.3.1/../../../arm-none-eabi/lib/thumb/v7e-m+fp/hard/libc_nano.a(lib_a-__atexit.o) (__call_exitprocs)
/usr/lib/gcc/arm-none-eabi/10.3.1/thumb/v7e-m+fp/hard/libgcc.a(_arm_muldf3.o)
                              build/mcb.o (__aeabi_dmul)
/usr/lib/gcc/arm-none-eabi/10.3.1/thumb/v7e-m+fp/hard/libgcc.a(_arm_addsubdf3.o)
                              build/mcb.o (__aeabi_dsub)
/usr/lib/gcc/arm-none-eabi/10.3.1/thumb/v7e-m+fp/hard/libgcc.a(_arm_muldivdf3.o)
                              build/mcb.o (__aeabi_ddiv)
/usr/lib/gcc/arm-none-eabi/10.3.1/thumb/v7e-m+fp/hard/libgcc.a(_arm_fixdfsi.o)
                              build/mcb.o (__aeabi_d2iz)
/usr/lib/gcc/arm-none-eabi/10.3.1/thumb/v7e-m+fp/hard/libgcc.a(_arm_fixunsdfsi.o)
                              build/mcb.o (__aeabi_d2uiz)
/usr/lib/gcc/arm-none-eabi/10.3.1/thumb/v7e-m+fp/hard/libgcc.a(_aeabi_uldivmod.o)
                              build/stm32f4xx_hal_rcc.o (__aeabi_uldivmod)
/usr/lib/gcc/arm-none-eabi/10.3.1/thumb/v7e-m+fp/hard/libgcc.a(_fixunsdfdi.o)
                              build/mcb.o (__aeabi_d2ulz)
/usr/lib/gcc/arm-none-eabi/10.3.1/thumb/v7e-m+fp/hard/libgcc.a(_udivmoddi4.o)
                              /usr/lib/gcc/arm-none-eabi/10.3.1/thumb/v7e-m+fp/hard/libgcc.a(_aeabi_uldivmod.o) (__udivmoddi4)
/usr/lib/gcc/arm-none-eabi/10.3.1/thumb/v7e-m+fp/hard/libgcc.a(_dvmd_tls.o)
                              /usr/lib/gcc/arm-none-eabi/10.3.1/thumb/v7e-m+fp/hard/libgcc.a(_aeabi_uldivmod.o) (__aeabi_ldiv0)

Discarded input sections

 .text          0x0000000000000000        0x0 /usr/lib/gcc/arm-none-eabi/10.3.1/thumb/v7e-m+fp/hard/crti.o
 .data          0x0000000000000000        0x0 /usr/lib/gcc/arm-none-eabi/10.3.1/thumb/v7e-m+fp/hard/crti.o
 .bss           0x0000000000000000        0x0 /usr/lib/gcc/arm-none-eabi/10.3.1/thumb/v7e-m+fp/hard/crti.o
 .data          0x0000000000000000        0x4 /usr/lib/gcc/arm-none-eabi/10.3.1/thumb/v7e-m+fp/hard/crtbegin.o
 .rodata        0x0000000000000000       0x24 /usr/lib/gcc/arm-none-eabi/10.3.1/thumb/v7e-m+fp/hard/crtbegin.o
 .text          0x0000000000000000       0x70 /usr/lib/gcc/arm-none-eabi/10.3.1/../../../arm-none-eabi/lib/thumb/v7e-m+fp/hard/crt0.o
 .data          0x0000000000000000        0x0 /usr/lib/gcc/arm-none-eabi/10.3.1/../../../arm-none-eabi/lib/thumb/v7e-m+fp/hard/crt0.o
 .bss           0x0000000000000000        0x0 /usr/lib/gcc/arm-none-eabi/10.3.1/../../../arm-none-eabi/lib/thumb/v7e-m+fp/hard/crt0.o
 .ARM.extab     0x0000000000000000        0x0 /usr/lib/gcc/arm-none-eabi/10.3.1/../../../arm-none-eabi/lib/thumb/v7e-m+fp/hard/crt0.o
[...]
Memory Configuration

Name             Origin             Length             Attributes
RAM              0x0000000020000000 0x0000000000020000 xrw
FLASH            0x0000000008000000 0x0000000000080000 xr
*default*        0x0000000000000000 0xffffffffffffffff

Linker script and memory map

LOAD /usr/lib/gcc/arm-none-eabi/10.3.1/thumb/v7e-m+fp/hard/crti.o
LOAD /usr/lib/gcc/arm-none-eabi/10.3.1/thumb/v7e-m+fp/hard/crtbegin.o
LOAD /usr/lib/gcc/arm-none-eabi/10.3.1/../../../arm-none-eabi/lib/thumb/v7e-m+fp/hard/crt0.o
LOAD build/mcb.o
LOAD build/hvcb.o
LOAD build/main.o
LOAD build/stm32f4xx_it.o
LOAD build/stm32f4xx_hal_msp.o
LOAD build/stm32f4xx_hal_can.o
LOAD build/stm32f4xx_hal_rcc.o
LOAD build/stm32f4xx_hal_rcc_ex.o
LOAD build/stm32f4xx_hal_flash.o
LOAD build/stm32f4xx_hal_flash_ex.o
LOAD build/stm32f4xx_hal_flash_ramfunc.o
LOAD build/stm32f4xx_hal_gpio.o
LOAD build/stm32f4xx_hal_dma_ex.o
LOAD build/stm32f4xx_hal_dma.o
LOAD build/stm32f4xx_hal_pwr.o
LOAD build/stm32f4xx_hal_pwr_ex.o
LOAD build/stm32f4xx_hal_cortex.o
LOAD build/stm32f4xx_hal.o
LOAD build/stm32f4xx_hal_exti.o
LOAD build/stm32f4xx_hal_tim.o
LOAD build/stm32f4xx_hal_uart.o
LOAD build/system_stm32f4xx.o
LOAD build/sysmem.o
LOAD build/syscalls.o
LOAD build/gpio.o
LOAD build/can.o
LOAD build/usart.o
LOAD build/stm32f4xx_hal_tim_ex.o
LOAD build/startup_stm32f446xx.o
LOAD /usr/lib/gcc/arm-none-eabi/10.3.1/../../../arm-none-eabi/lib/thumb/v7e-m+fp/hard/libc_nano.a
LOAD /usr/lib/gcc/arm-none-eabi/10.3.1/../../../arm-none-eabi/lib/thumb/v7e-m+fp/hard/libm.a
LOAD /usr/lib/gcc/arm-none-eabi/10.3.1/../../../arm-none-eabi/lib/thumb/v7e-m+fp/hard/libnosys.a
START GROUP
LOAD /usr/lib/gcc/arm-none-eabi/10.3.1/thumb/v7e-m+fp/hard/libgcc.a
LOAD /usr/lib/gcc/arm-none-eabi/10.3.1/../../../arm-none-eabi/lib/thumb/v7e-m+fp/hard/libc_nano.a
END GROUP
START GROUP
LOAD /usr/lib/gcc/arm-none-eabi/10.3.1/thumb/v7e-m+fp/hard/libgcc.a
LOAD /usr/lib/gcc/arm-none-eabi/10.3.1/../../../arm-none-eabi/lib/thumb/v7e-m+fp/hard/libc_nano.a
END GROUP
LOAD /usr/lib/gcc/arm-none-eabi/10.3.1/thumb/v7e-m+fp/hard/crtend.o
LOAD /usr/lib/gcc/arm-none-eabi/10.3.1/thumb/v7e-m+fp/hard/crtn.o
                0x0000000020020000                _estack = (ORIGIN (RAM) + LENGTH (RAM))
                0x0000000000000200                _Min_Heap_Size = 0x200
                0x0000000000000400                _Min_Stack_Size = 0x400

.isr_vector     0x0000000008000000      0x1c4
                0x0000000008000000                . = ALIGN (0x4)
 *(.isr_vector)
 .isr_vector    0x0000000008000000      0x1c4 build/startup_stm32f446xx.o
                0x0000000008000000                g_pfnVectors
                0x00000000080001c4                . = ALIGN (0x4)

.text           0x0000000008000200     0x2e48
                0x0000000008000200                . = ALIGN (0x4)
 *(.text)
 .text          0x0000000008000200       0x88 /usr/lib/gcc/arm-none-eabi/10.3.1/thumb/v7e-m+fp/hard/crtbegin.o
 .text          0x0000000008000288       0x48 /usr/lib/gcc/arm-none-eabi/10.3.1/../../../arm-none-eabi/lib/thumb/v7e-m+fp/hard/libc_nano.a(lib_a-init.o)
                0x0000000008000288                __libc_init_array
 .text          0x00000000080002d0       0xa4 /usr/lib/gcc/arm-none-eabi/10.3.1/../../../arm-none-eabi/lib/thumb/v7e-m+fp/hard/libc_nano.a(lib_a-memset.o)
                0x00000000080002d0                memset
 *fill*         0x0000000008000374        0xc 
 .text          0x0000000008000380       0xdc /usr/lib/gcc/arm-none-eabi/10.3.1/../../../arm-none-eabi/lib/thumb/v7e-m+fp/hard/libc_nano.a(lib_a-strlen.o)
                0x0000000008000380                strlen
 .text          0x000000000800045c      0x378 /usr/lib/gcc/arm-none-eabi/10.3.1/thumb/v7e-m+fp/hard/libgcc.a(_arm_addsubdf3.o)
                0x000000000800045c                __aeabi_drsub
                0x0000000008000464                __aeabi_dsub
                0x0000000008000464                __subdf3
                0x0000000008000468                __adddf3
                0x0000000008000468                __aeabi_dadd
                0x00000000080006e0                __aeabi_ui2d
                0x00000000080006e0                __floatunsidf
                0x0000000008000700                __aeabi_i2d
                0x0000000008000700                __floatsidf
                0x0000000008000724                __extendsfdf2
                0x0000000008000724                __aeabi_f2d
                0x0000000008000768                __aeabi_ul2d
                0x0000000008000768                __floatundidf
                0x0000000008000778                __floatdidf
                0x0000000008000778                __aeabi_l2d
 .text          0x00000000080007d4      0x424 /usr/lib/gcc/arm-none-eabi/10.3.1/thumb/v7e-m+fp/hard/libgcc.a(_arm_muldivdf3.o)
                0x00000000080007d4                __aeabi_dmul
                0x00000000080007d4                __muldf3
                0x0000000008000a28                __aeabi_ddiv
                0x0000000008000a28                __divdf3
 .text          0x0000000008000bf8       0x50 /usr/lib/gcc/arm-none-eabi/10.3.1/thumb/v7e-m+fp/hard/libgcc.a(_arm_fixdfsi.o)
                0x0000000008000bf8                __aeabi_d2iz
                0x0000000008000bf8                __fixdfsi
 .text          0x0000000008000c48       0x40 /usr/lib/gcc/arm-none-eabi/10.3.1/thumb/v7e-m+fp/hard/libgcc.a(_arm_fixunsdfsi.o)
                0x0000000008000c48                __aeabi_d2uiz
                0x0000000008000c48                __fixunsdfsi
 .text          0x0000000008000c88       0x30 /usr/lib/gcc/arm-none-eabi/10.3.1/thumb/v7e-m+fp/hard/libgcc.a(_aeabi_uldivmod.o)
                0x0000000008000c88                __aeabi_uldivmod
 .text          0x0000000008000cb8      0x2d0 /usr/lib/gcc/arm-none-eabi/10.3.1/thumb/v7e-m+fp/hard/libgcc.a(_udivmoddi4.o)
                0x0000000008000cb8                __udivmoddi4
 .text          0x0000000008000f88        0x4 /usr/lib/gcc/arm-none-eabi/10.3.1/thumb/v7e-m+fp/hard/libgcc.a(_dvmd_tls.o)
                0x0000000008000f88                __aeabi_ldiv0
                0x0000000008000f88                __aeabi_idiv0
 *(.text*)
 .text.mcb_tlb_bat_signals_status_unpack
                0x0000000008000f8c       0x84 build/mcb.o
                0x0000000008000f8c                mcb_tlb_bat_signals_status_unpack
 .text.mcb_tlb_bat_signals_status_ams_err_is_active_decode
                0x0000000008001010        0xc build/mcb.o
                0x0000000008001010                mcb_tlb_bat_signals_status_ams_err_is_active_decode
 .text.mcb_tlb_bat_signals_status_imd_err_is_active_decode
                0x000000000800101c        0xc build/mcb.o
                0x000000000800101c                mcb_tlb_bat_signals_status_imd_err_is_active_decode
 .text.hvcb_hvb_tx_vcu_cmd_unpack
                0x0000000008001028       0x2e build/hvcb.o
                0x0000000008001028                hvcb_hvb_tx_vcu_cmd_unpack
 .text.hvcb_hvb_tx_vcu_cmd_vcu_b_hvb_inv_req_decode
                0x0000000008001056        0xc build/hvcb.o
                0x0000000008001056                hvcb_hvb_tx_vcu_cmd_vcu_b_hvb_inv_req_decode
 .text.hvcb_hvb_rx_v_cell_pack
                0x0000000008001062       0x3a build/hvcb.o
                0x0000000008001062                hvcb_hvb_rx_v_cell_pack
 .text.hvcb_hvb_rx_v_cell_init
                0x000000000800109c       0x12 build/hvcb.o
                0x000000000800109c                hvcb_hvb_rx_v_cell_init
 *fill*         0x00000000080010ae        0x2 
 .text.hvcb_hvb_rx_v_cell_hvb_u_cell_max_encode
                0x00000000080010b0       0x20 build/hvcb.o
                0x00000000080010b0                hvcb_hvb_rx_v_cell_hvb_u_cell_max_encode
 .text.hvcb_hvb_rx_v_cell_hvb_u_cell_mean_encode
                0x00000000080010d0       0x20 build/hvcb.o
                0x00000000080010d0                hvcb_hvb_rx_v_cell_hvb_u_cell_mean_encode
 .text.hvcb_hvb_rx_v_cell_hvb_u_cell_min_encode
                0x00000000080010f0       0x20 build/hvcb.o
                0x00000000080010f0                hvcb_hvb_rx_v_cell_hvb_u_cell_min_encode
 .text.hvcb_hvb_rx_v_cell_hvb_idx_cell_u_max_encode
                0x0000000008001110        0xe build/hvcb.o
                0x0000000008001110                hvcb_hvb_rx_v_cell_hvb_idx_cell_u_max_encode
 .text.hvcb_hvb_rx_v_cell_hvb_idx_cell_u_min_encode
                0x000000000800111e        0xe build/hvcb.o
                0x000000000800111e                hvcb_hvb_rx_v_cell_hvb_idx_cell_u_min_encode
 .text.hvcb_hvb_rx_soc_pack
                0x000000000800112c       0x3c build/hvcb.o
                0x000000000800112c                hvcb_hvb_rx_soc_pack
 .text.hvcb_hvb_rx_soc_init
                0x0000000008001168       0x12 build/hvcb.o
                0x0000000008001168                hvcb_hvb_rx_soc_init
 *fill*         0x000000000800117a        0x6 
 .text.hvcb_hvb_rx_soc_hvb_r_so_c_hvb_u_cell_min_encode
                0x0000000008001180       0x2c build/hvcb.o
                0x0000000008001180                hvcb_hvb_rx_soc_hvb_r_so_c_hvb_u_cell_min_encode
 .text.hvcb_hvb_rx_t_cell_pack
                0x00000000080011ac       0x3a build/hvcb.o
                0x00000000080011ac                hvcb_hvb_rx_t_cell_pack
 .text.hvcb_hvb_rx_t_cell_init
                0x00000000080011e6       0x1c build/hvcb.o
                0x00000000080011e6                hvcb_hvb_rx_t_cell_init
 *fill*         0x0000000008001202        0x6 
 .text.hvcb_hvb_rx_t_cell_hvb_t_cell_max_encode
                0x0000000008001208       0x38 build/hvcb.o
                0x0000000008001208                hvcb_hvb_rx_t_cell_hvb_t_cell_max_encode
 .text.Error_Handler
                0x0000000008001240        0x4 build/main.o
                0x0000000008001240                Error_Handler
 .text.SystemClock_Config
                0x0000000008001244       0xb4 build/main.o
                0x0000000008001244                SystemClock_Config
 .text.main     0x00000000080012f8       0x4c build/main.o
                0x00000000080012f8                main
 .text.NMI_Handler
                0x0000000008001344        0x2 build/stm32f4xx_it.o
                0x0000000008001344                NMI_Handler
 .text.HardFault_Handler
                0x0000000008001346        0x2 build/stm32f4xx_it.o
                0x0000000008001346                HardFault_Handler
 .text.MemManage_Handler
                0x0000000008001348        0x2 build/stm32f4xx_it.o
                0x0000000008001348                MemManage_Handler
 .text.BusFault_Handler
                0x000000000800134a        0x2 build/stm32f4xx_it.o
                0x000000000800134a                BusFault_Handler
 .text.UsageFault_Handler
                0x000000000800134c        0x2 build/stm32f4xx_it.o
                0x000000000800134c                UsageFault_Handler
 .text.SVC_Handler
                0x000000000800134e        0x2 build/stm32f4xx_it.o
                0x000000000800134e                SVC_Handler
 .text.DebugMon_Handler
                0x0000000008001350        0x2 build/stm32f4xx_it.o
                0x0000000008001350                DebugMon_Handler
 .text.PendSV_Handler
                0x0000000008001352        0x2 build/stm32f4xx_it.o
                0x0000000008001352                PendSV_Handler
 .text.SysTick_Handler
                0x0000000008001354        0x8 build/stm32f4xx_it.o
                0x0000000008001354                SysTick_Handler
 .text.CAN1_TX_IRQHandler
                0x000000000800135c       0x10 build/stm32f4xx_it.o
                0x000000000800135c                CAN1_TX_IRQHandler
 .text.CAN1_RX0_IRQHandler
                0x000000000800136c       0x10 build/stm32f4xx_it.o
                0x000000000800136c                CAN1_RX0_IRQHandler
 .text.CAN1_RX1_IRQHandler
                0x000000000800137c       0x10 build/stm32f4xx_it.o
                0x000000000800137c                CAN1_RX1_IRQHandler
 .text.CAN1_SCE_IRQHandler
                0x000000000800138c       0x10 build/stm32f4xx_it.o
                0x000000000800138c                CAN1_SCE_IRQHandler
 .text.HAL_MspInit
                0x000000000800139c       0x40 build/stm32f4xx_hal_msp.o
                0x000000000800139c                HAL_MspInit
 .text.HAL_CAN_Init
                0x00000000080013dc      0x14c build/stm32f4xx_hal_can.o
                0x00000000080013dc                HAL_CAN_Init
 .text.HAL_CAN_ConfigFilter
                0x0000000008001528      0x138 build/stm32f4xx_hal_can.o
                0x0000000008001528                HAL_CAN_ConfigFilter
 .text.HAL_CAN_Start
                0x0000000008001660       0x5c build/stm32f4xx_hal_can.o
                0x0000000008001660                HAL_CAN_Start
 .text.HAL_CAN_AddTxMessage
                0x00000000080016bc       0xea build/stm32f4xx_hal_can.o
                0x00000000080016bc                HAL_CAN_AddTxMessage
 .text.HAL_CAN_GetTxMailboxesFreeLevel
                0x00000000080017a6       0x32 build/stm32f4xx_hal_can.o
                0x00000000080017a6                HAL_CAN_GetTxMailboxesFreeLevel
 .text.HAL_CAN_GetRxMessage
                0x00000000080017d8      0x16a build/stm32f4xx_hal_can.o
                0x00000000080017d8                HAL_CAN_GetRxMessage
 .text.HAL_CAN_ActivateNotification
                0x0000000008001942       0x24 build/stm32f4xx_hal_can.o
                0x0000000008001942                HAL_CAN_ActivateNotification
 .text.HAL_CAN_TxMailbox0CompleteCallback
                0x0000000008001966        0x2 build/stm32f4xx_hal_can.o
                0x0000000008001966                HAL_CAN_TxMailbox0CompleteCallback
 .text.HAL_CAN_TxMailbox1CompleteCallback
                0x0000000008001968        0x2 build/stm32f4xx_hal_can.o
                0x0000000008001968                HAL_CAN_TxMailbox1CompleteCallback
 .text.HAL_CAN_TxMailbox2CompleteCallback
                0x000000000800196a        0x2 build/stm32f4xx_hal_can.o
                0x000000000800196a                HAL_CAN_TxMailbox2CompleteCallback
 .text.HAL_CAN_TxMailbox0AbortCallback
                0x000000000800196c        0x2 build/stm32f4xx_hal_can.o
                0x000000000800196c                HAL_CAN_TxMailbox0AbortCallback
 .text.HAL_CAN_TxMailbox1AbortCallback
                0x000000000800196e        0x2 build/stm32f4xx_hal_can.o
                0x000000000800196e                HAL_CAN_TxMailbox1AbortCallback
 .text.HAL_CAN_TxMailbox2AbortCallback
                0x0000000008001970        0x2 build/stm32f4xx_hal_can.o
                0x0000000008001970                HAL_CAN_TxMailbox2AbortCallback
 .text.HAL_CAN_RxFifo0FullCallback
                0x0000000008001972        0x2 build/stm32f4xx_hal_can.o
                0x0000000008001972                HAL_CAN_RxFifo0FullCallback
 .text.HAL_CAN_RxFifo1MsgPendingCallback
                0x0000000008001974        0x2 build/stm32f4xx_hal_can.o
                0x0000000008001974                HAL_CAN_RxFifo1MsgPendingCallback
 .text.HAL_CAN_RxFifo1FullCallback
                0x0000000008001976        0x2 build/stm32f4xx_hal_can.o
                0x0000000008001976                HAL_CAN_RxFifo1FullCallback
 .text.HAL_CAN_SleepCallback
                0x0000000008001978        0x2 build/stm32f4xx_hal_can.o
                0x0000000008001978                HAL_CAN_SleepCallback
 .text.HAL_CAN_WakeUpFromRxMsgCallback
                0x000000000800197a        0x2 build/stm32f4xx_hal_can.o
                0x000000000800197a                HAL_CAN_WakeUpFromRxMsgCallback
 .text.HAL_CAN_ErrorCallback
                0x000000000800197c        0x2 build/stm32f4xx_hal_can.o
                0x000000000800197c                HAL_CAN_ErrorCallback
 .text.HAL_CAN_IRQHandler
                0x000000000800197e      0x24a build/stm32f4xx_hal_can.o
                0x000000000800197e                HAL_CAN_IRQHandler
 .text.HAL_RCC_ClockConfig
                0x0000000008001bc8      0x160 build/stm32f4xx_hal_rcc.o
                0x0000000008001bc8                HAL_RCC_ClockConfig
 .text.HAL_RCC_GetHCLKFreq
                0x0000000008001d28        0xc build/stm32f4xx_hal_rcc.o
                0x0000000008001d28                HAL_RCC_GetHCLKFreq
 .text.HAL_RCC_GetPCLK1Freq
                0x0000000008001d34       0x20 build/stm32f4xx_hal_rcc.o
                0x0000000008001d34                HAL_RCC_GetPCLK1Freq
 .text.HAL_RCC_GetPCLK2Freq
                0x0000000008001d54       0x20 build/stm32f4xx_hal_rcc.o
                0x0000000008001d54                HAL_RCC_GetPCLK2Freq
 .text.HAL_RCC_GetSysClockFreq
                0x0000000008001d74      0x180 build/stm32f4xx_hal_rcc_ex.o
                0x0000000008001d74                HAL_RCC_GetSysClockFreq
 .text.HAL_RCC_OscConfig
                0x0000000008001ef4      0x444 build/stm32f4xx_hal_rcc_ex.o
                0x0000000008001ef4                HAL_RCC_OscConfig
 .text.HAL_GPIO_Init
                0x0000000008002338      0x1d8 build/stm32f4xx_hal_gpio.o
                0x0000000008002338                HAL_GPIO_Init
 .text.HAL_GPIO_WritePin
                0x0000000008002510        0xc build/stm32f4xx_hal_gpio.o
                0x0000000008002510                HAL_GPIO_WritePin
 .text.HAL_PWREx_EnableOverDrive
                0x000000000800251c       0x7c build/stm32f4xx_hal_pwr_ex.o
                0x000000000800251c                HAL_PWREx_EnableOverDrive
 .text.HAL_NVIC_SetPriorityGrouping
                0x0000000008002598       0x24 build/stm32f4xx_hal_cortex.o
                0x0000000008002598                HAL_NVIC_SetPriorityGrouping
 .text.HAL_NVIC_SetPriority
                0x00000000080025bc       0x70 build/stm32f4xx_hal_cortex.o
                0x00000000080025bc                HAL_NVIC_SetPriority
 .text.HAL_NVIC_EnableIRQ
                0x000000000800262c       0x1c build/stm32f4xx_hal_cortex.o
                0x000000000800262c                HAL_NVIC_EnableIRQ
 .text.HAL_SYSTICK_Config
                0x0000000008002648       0x28 build/stm32f4xx_hal_cortex.o
                0x0000000008002648                HAL_SYSTICK_Config
 .text.HAL_InitTick
                0x0000000008002670       0x4c build/stm32f4xx_hal.o
                0x0000000008002670                HAL_InitTick
 .text.HAL_Init
                0x00000000080026bc       0x34 build/stm32f4xx_hal.o
                0x00000000080026bc                HAL_Init
 .text.HAL_IncTick
                0x00000000080026f0       0x18 build/stm32f4xx_hal.o
                0x00000000080026f0                HAL_IncTick
 .text.HAL_GetTick
                0x0000000008002708        0xc build/stm32f4xx_hal.o
                0x0000000008002708                HAL_GetTick
 .text.UART_EndRxTransfer
                0x0000000008002714       0x5c build/stm32f4xx_hal_uart.o
 .text.UART_SetConfig
                0x0000000008002770      0x110 build/stm32f4xx_hal_uart.o
 .text.UART_WaitOnFlagUntilTimeout
                0x0000000008002880       0x8a build/stm32f4xx_hal_uart.o
 .text.HAL_UART_Init
                0x000000000800290a       0x60 build/stm32f4xx_hal_uart.o
                0x000000000800290a                HAL_UART_Init
 .text.HAL_UART_Transmit
                0x000000000800296a       0xcc build/stm32f4xx_hal_uart.o
                0x000000000800296a                HAL_UART_Transmit
 *fill*         0x0000000008002a36        0x2 
 .text.SystemInit
                0x0000000008002a38       0x14 build/system_stm32f4xx.o
                0x0000000008002a38                SystemInit
 .text.MX_GPIO_Init
                0x0000000008002a4c       0xcc build/gpio.o
                0x0000000008002a4c                MX_GPIO_Init
 .text.MX_CAN1_Init
                0x0000000008002b18       0xf8 build/can.o
                0x0000000008002b18                MX_CAN1_Init
 .text.HAL_CAN_MspInit
                0x0000000008002c10       0xb0 build/can.o
                0x0000000008002c10                HAL_CAN_MspInit
 .text.can_wait
                0x0000000008002cc0       0x26 build/can.o
                0x0000000008002cc0                can_wait
 .text.can_send
                0x0000000008002ce6       0x32 build/can.o
                0x0000000008002ce6                can_send
 .text.BMS_send_msg
                0x0000000008002d18      0x114 build/can.o
                0x0000000008002d18                BMS_send_msg
 .text.BMS_SendMessageRoutine
                0x0000000008002e2c       0x1c build/can.o
                0x0000000008002e2c                BMS_SendMessageRoutine
 .text.HAL_CAN_RxFifo0MsgPendingCallback
                0x0000000008002e48       0xa4 build/can.o
                0x0000000008002e48                HAL_CAN_RxFifo0MsgPendingCallback
 .text.BMS_ReceiveRoutine
                0x0000000008002eec       0x4c build/can.o
                0x0000000008002eec                BMS_ReceiveRoutine
 .text.MX_USART2_UART_Init
                0x0000000008002f38       0x34 build/usart.o
                0x0000000008002f38                MX_USART2_UART_Init
 .text.HAL_UART_MspInit
                0x0000000008002f6c       0x70 build/usart.o
                0x0000000008002f6c                HAL_UART_MspInit
 .text.Reset_Handler
                0x0000000008002fdc       0x50 build/startup_stm32f446xx.o
                0x0000000008002fdc                Reset_Handler
 .text.Default_Handler
                0x000000000800302c        0x2 build/startup_stm32f446xx.o
                0x000000000800302c                DMA2_Stream5_IRQHandler
                0x000000000800302c                OTG_HS_WKUP_IRQHandler
                0x000000000800302c                EXTI1_IRQHandler
                0x000000000800302c                TIM8_UP_TIM13_IRQHandler
                0x000000000800302c                USART6_IRQHandler
                0x000000000800302c                DMA2_Stream7_IRQHandler
                0x000000000800302c                SAI2_IRQHandler
                0x000000000800302c                UART4_IRQHandler
                0x000000000800302c                OTG_FS_WKUP_IRQHandler
                0x000000000800302c                TIM8_CC_IRQHandler
                0x000000000800302c                SPI2_IRQHandler
                0x000000000800302c                EXTI9_5_IRQHandler
                0x000000000800302c                SPI1_IRQHandler
                0x000000000800302c                PVD_IRQHandler
                0x000000000800302c                TIM5_IRQHandler
                0x000000000800302c                ADC_IRQHandler
                0x000000000800302c                DMA1_Stream6_IRQHandler
                0x000000000800302c                DMA1_Stream1_IRQHandler
                0x000000000800302c                WWDG_IRQHandler
                0x000000000800302c                DMA2_Stream0_IRQHandler
                0x000000000800302c                I2C3_EV_IRQHandler
                0x000000000800302c                SPI4_IRQHandler
                0x000000000800302c                DMA1_Stream2_IRQHandler
                0x000000000800302c                RCC_IRQHandler
                0x000000000800302c                I2C1_ER_IRQHandler
                0x000000000800302c                DMA2_Stream3_IRQHandler
                0x000000000800302c                TIM1_UP_TIM10_IRQHandler
                0x000000000800302c                OTG_HS_EP1_OUT_IRQHandler
                0x000000000800302c                DMA2_Stream4_IRQHandler
                0x000000000800302c                SAI1_IRQHandler
                0x000000000800302c                CEC_IRQHandler
                0x000000000800302c                I2C2_EV_IRQHandler
                0x000000000800302c                TIM3_IRQHandler
                0x000000000800302c                USART2_IRQHandler
                0x000000000800302c                DMA1_Stream0_IRQHandler
                0x000000000800302c                FMPI2C1_ER_IRQHandler
                0x000000000800302c                DMA1_Stream7_IRQHandler
                0x000000000800302c                TIM6_DAC_IRQHandler
                0x000000000800302c                DMA1_Stream4_IRQHandler
                0x000000000800302c                TIM8_TRG_COM_TIM14_IRQHandler
                0x000000000800302c                FMC_IRQHandler
                0x000000000800302c                CAN2_TX_IRQHandler
                0x000000000800302c                FLASH_IRQHandler
                0x000000000800302c                QUADSPI_IRQHandler
                0x000000000800302c                SDIO_IRQHandler
                0x000000000800302c                EXTI15_10_IRQHandler
                0x000000000800302c                TIM8_BRK_TIM12_IRQHandler
                0x000000000800302c                USART1_IRQHandler
                0x000000000800302c                RTC_WKUP_IRQHandler
                0x000000000800302c                TIM2_IRQHandler
                0x000000000800302c                TAMP_STAMP_IRQHandler
                0x000000000800302c                DMA2_Stream6_IRQHandler
                0x000000000800302c                OTG_HS_EP1_IN_IRQHandler
                0x000000000800302c                Default_Handler
                0x000000000800302c                EXTI2_IRQHandler
                0x000000000800302c                OTG_FS_IRQHandler
                0x000000000800302c                UART5_IRQHandler
                0x000000000800302c                DMA1_Stream5_IRQHandler
                0x000000000800302c                TIM4_IRQHandler
                0x000000000800302c                USART3_IRQHandler
                0x000000000800302c                TIM1_TRG_COM_TIM11_IRQHandler
                0x000000000800302c                I2C3_ER_IRQHandler
                0x000000000800302c                TIM1_BRK_TIM9_IRQHandler
                0x000000000800302c                EXTI3_IRQHandler
                0x000000000800302c                I2C2_ER_IRQHandler
                0x000000000800302c                SPDIF_RX_IRQHandler
                0x000000000800302c                CAN2_RX0_IRQHandler
                0x000000000800302c                DMA2_Stream2_IRQHandler
                0x000000000800302c                FMPI2C1_EV_IRQHandler
                0x000000000800302c                DMA2_Stream1_IRQHandler
                0x000000000800302c                FPU_IRQHandler
                0x000000000800302c                DCMI_IRQHandler
                0x000000000800302c                CAN2_RX1_IRQHandler
                0x000000000800302c                I2C1_EV_IRQHandler
                0x000000000800302c                TIM1_CC_IRQHandler
                0x000000000800302c                SPI3_IRQHandler
                0x000000000800302c                OTG_HS_IRQHandler
                0x000000000800302c                DMA1_Stream3_IRQHandler
                0x000000000800302c                TIM7_IRQHandler
                0x000000000800302c                EXTI0_IRQHandler
                0x000000000800302c                RTC_Alarm_IRQHandler
                0x000000000800302c                EXTI4_IRQHandler
                0x000000000800302c                CAN2_SCE_IRQHandler
 *(.glue_7)
 .glue_7        0x000000000800302e        0x0 linker stubs
 *(.glue_7t)
 .glue_7t       0x000000000800302e        0x0 linker stubs
 *(.eh_frame)
 *fill*         0x000000000800302e        0x2 
 .eh_frame      0x0000000008003030        0x0 /usr/lib/gcc/arm-none-eabi/10.3.1/thumb/v7e-m+fp/hard/crtbegin.o
 *(.init)
 .init          0x0000000008003030        0x4 /usr/lib/gcc/arm-none-eabi/10.3.1/thumb/v7e-m+fp/hard/crti.o
                0x0000000008003030                _init
 .init          0x0000000008003034        0x8 /usr/lib/gcc/arm-none-eabi/10.3.1/thumb/v7e-m+fp/hard/crtn.o
 *(.fini)
 .fini          0x000000000800303c        0x4 /usr/lib/gcc/arm-none-eabi/10.3.1/thumb/v7e-m+fp/hard/crti.o
                0x000000000800303c                _fini
 .fini          0x0000000008003040        0x8 /usr/lib/gcc/arm-none-eabi/10.3.1/thumb/v7e-m+fp/hard/crtn.o
                0x0000000008003048                . = ALIGN (0x4)
                0x0000000008003048                _etext = .

.vfp11_veneer   0x0000000008003048        0x0
 .vfp11_veneer  0x0000000008003048        0x0 linker stubs

.v4_bx          0x0000000008003048        0x0
 .v4_bx         0x0000000008003048        0x0 linker stubs

.iplt           0x0000000008003048        0x0
 .iplt          0x0000000008003048        0x0 /usr/lib/gcc/arm-none-eabi/10.3.1/thumb/v7e-m+fp/hard/crtbegin.o

.rodata         0x0000000008003048       0x48
                0x0000000008003048                . = ALIGN (0x4)
 *(.rodata)
 *(.rodata*)
 .rodata.AHBPrescTable
                0x0000000008003048       0x10 build/system_stm32f4xx.o
                0x0000000008003048                AHBPrescTable
 .rodata.APBPrescTable
                0x0000000008003058        0x8 build/system_stm32f4xx.o
                0x0000000008003058                APBPrescTable
 .rodata.MX_CAN1_Init.str1.4
                0x0000000008003060       0x30 build/can.o
                0x0000000008003090                . = ALIGN (0x4)

.ARM.extab
 *(.ARM.extab* .gnu.linkonce.armextab.*)

.ARM            0x0000000008003090        0x8
                0x0000000008003090                __exidx_start = .
 *(.ARM.exidx*)
 .ARM.exidx     0x0000000008003090        0x8 /usr/lib/gcc/arm-none-eabi/10.3.1/thumb/v7e-m+fp/hard/libgcc.a(_udivmoddi4.o)
                0x0000000008003098                __exidx_end = .

.rel.dyn        0x0000000008003098        0x0
 .rel.iplt      0x0000000008003098        0x0 /usr/lib/gcc/arm-none-eabi/10.3.1/thumb/v7e-m+fp/hard/crtbegin.o

.preinit_array  0x0000000008003098        0x0
                0x0000000008003098                PROVIDE (__preinit_array_start = .)
 *(.preinit_array*)
                0x0000000008003098                PROVIDE (__preinit_array_end = .)

.init_array     0x0000000008003098        0x4
                0x0000000008003098                PROVIDE (__init_array_start = .)
 *(SORT_BY_NAME(.init_array.*))
 *(.init_array*)
 .init_array    0x0000000008003098        0x4 /usr/lib/gcc/arm-none-eabi/10.3.1/thumb/v7e-m+fp/hard/crtbegin.o
                0x000000000800309c                PROVIDE (__init_array_end = .)

.fini_array     0x000000000800309c        0x4
                0x000000000800309c                PROVIDE (__fini_array_start = .)
 *(SORT_BY_NAME(.fini_array.*))
 *(.fini_array*)
 .fini_array    0x000000000800309c        0x4 /usr/lib/gcc/arm-none-eabi/10.3.1/thumb/v7e-m+fp/hard/crtbegin.o
                0x00000000080030a0                PROVIDE (__fini_array_end = .)
                0x00000000080030a0                _sidata = LOADADDR (.data)

.data           0x0000000020000000        0xc load address 0x00000000080030a0
                0x0000000020000000                . = ALIGN (0x4)
                0x0000000020000000                _sdata = .
 *(.data)
 *(.data*)
 .data.uwTickFreq
                0x0000000020000000        0x1 build/stm32f4xx_hal.o
                0x0000000020000000                uwTickFreq
 *fill*         0x0000000020000001        0x3 
 .data.uwTickPrio
                0x0000000020000004        0x4 build/stm32f4xx_hal.o
                0x0000000020000004                uwTickPrio
 .data.SystemCoreClock
                0x0000000020000008        0x4 build/system_stm32f4xx.o
                0x0000000020000008                SystemCoreClock
                0x000000002000000c                . = ALIGN (0x4)
                0x000000002000000c                _edata = .

.tm_clone_table
                0x000000002000000c        0x0 load address 0x00000000080030ac
 .tm_clone_table
                0x000000002000000c        0x0 /usr/lib/gcc/arm-none-eabi/10.3.1/thumb/v7e-m+fp/hard/crtbegin.o
 .tm_clone_table
                0x000000002000000c        0x0 /usr/lib/gcc/arm-none-eabi/10.3.1/thumb/v7e-m+fp/hard/crtend.o

.igot.plt       0x000000002000000c        0x0 load address 0x00000000080030ac
 .igot.plt      0x000000002000000c        0x0 /usr/lib/gcc/arm-none-eabi/10.3.1/thumb/v7e-m+fp/hard/crtbegin.o
                0x000000002000000c                . = ALIGN (0x4)

.bss            0x000000002000000c       0x9c load address 0x00000000080030ac
                0x000000002000000c                _sbss = .
                0x000000002000000c                __bss_start__ = _sbss
 *(.bss)
 .bss           0x000000002000000c       0x1c /usr/lib/gcc/arm-none-eabi/10.3.1/thumb/v7e-m+fp/hard/crtbegin.o
 *(.bss*)
 .bss.error_code
                0x0000000020000028        0x1 build/main.o
                0x0000000020000028                error_code
 *fill*         0x0000000020000029        0x3 
 .bss.uwTick    0x000000002000002c        0x4 build/stm32f4xx_hal.o
                0x000000002000002c                uwTick
 .bss.airs_command
                0x0000000020000030        0x1 build/can.o
                0x0000000020000030                airs_command
 .bss.ams_error_active
                0x0000000020000031        0x1 build/can.o
                0x0000000020000031                ams_error_active
 .bss.can_data_updated
                0x0000000020000032        0x1 build/can.o
                0x0000000020000032                can_data_updated
 *fill*         0x0000000020000033        0x1 
 .bss.hcan1     0x0000000020000034       0x28 build/can.o
                0x0000000020000034                hcan1
 .bss.imd_error_active
                0x000000002000005c        0x1 build/can.o
                0x000000002000005c                imd_error_active
 *fill*         0x000000002000005d        0x3 
 .bss.huart2    0x0000000020000060       0x48 build/usart.o
                0x0000000020000060                huart2
 *(COMMON)
                0x00000000200000a8                . = ALIGN (0x4)
                0x00000000200000a8                _ebss = .
                0x00000000200000a8                __bss_end__ = _ebss

._user_heap_stack
                0x00000000200000a8      0x600 load address 0x00000000080030ac
                0x00000000200000a8                . = ALIGN (0x8)
                [!provide]                        PROVIDE (end = .)
                0x00000000200000a8                PROVIDE (_end = .)
                0x00000000200002a8                . = (. + _Min_Heap_Size)
 *fill*         0x00000000200000a8      0x200 
                0x00000000200006a8                . = (. + _Min_Stack_Size)
 *fill*         0x00000000200002a8      0x400 
                0x00000000200006a8                . = ALIGN (0x8)

/DISCARD/
 libc.a(*)
 libm.a(*)
 libgcc.a(*)

.ARM.attributes
                0x0000000000000000       0x30
 *(.ARM.attributes)
 .ARM.attributes
                0x0000000000000000       0x1e /usr/lib/gcc/arm-none-eabi/10.3.1/thumb/v7e-m+fp/hard/crti.o
 .ARM.attributes
                0x000000000000001e       0x34 /usr/lib/gcc/arm-none-eabi/10.3.1/thumb/v7e-m+fp/hard/crtbegin.o
 .ARM.attributes
                0x0000000000000052       0x34 build/mcb.o
 .ARM.attributes
                0x0000000000000086       0x34 build/hvcb.o
 .ARM.attributes
                0x00000000000000ba       0x34 build/main.o
 .ARM.attributes
                0x00000000000000ee       0x34 build/stm32f4xx_it.o
 .ARM.attributes
                0x0000000000000122       0x34 build/stm32f4xx_hal_msp.o
 .ARM.attributes
                0x0000000000000156       0x34 build/stm32f4xx_hal_can.o
 .ARM.attributes
                0x000000000000018a       0x34 build/stm32f4xx_hal_rcc.o
 .ARM.attributes
                0x00000000000001be       0x34 build/stm32f4xx_hal_rcc_ex.o
 .ARM.attributes
                0x00000000000001f2       0x34 build/stm32f4xx_hal_gpio.o
 .ARM.attributes
                0x0000000000000226       0x34 build/stm32f4xx_hal_pwr_ex.o
 .ARM.attributes
                0x000000000000025a       0x34 build/stm32f4xx_hal_cortex.o
 .ARM.attributes
                0x000000000000028e       0x34 build/stm32f4xx_hal.o
 .ARM.attributes
                0x00000000000002c2       0x34 build/stm32f4xx_hal_uart.o
 .ARM.attributes
                0x00000000000002f6       0x34 build/system_stm32f4xx.o
 .ARM.attributes
                0x000000000000032a       0x34 build/gpio.o
 .ARM.attributes
                0x000000000000035e       0x34 build/can.o
 .ARM.attributes
                0x0000000000000392       0x34 build/usart.o
 .ARM.attributes
                0x00000000000003c6       0x21 build/startup_stm32f446xx.o
 .ARM.attributes
                0x00000000000003e7       0x34 /usr/lib/gcc/arm-none-eabi/10.3.1/../../../arm-none-eabi/lib/thumb/v7e-m+fp/hard/libc_nano.a(lib_a-init.o)
 .ARM.attributes
                0x000000000000041b       0x34 /usr/lib/gcc/arm-none-eabi/10.3.1/../../../arm-none-eabi/lib/thumb/v7e-m+fp/hard/libc_nano.a(lib_a-memset.o)
 .ARM.attributes
                0x000000000000044f       0x1c /usr/lib/gcc/arm-none-eabi/10.3.1/../../../arm-none-eabi/lib/thumb/v7e-m+fp/hard/libc_nano.a(lib_a-strlen.o)
 .ARM.attributes
                0x000000000000046b       0x1e /usr/lib/gcc/arm-none-eabi/10.3.1/thumb/v7e-m+fp/hard/libgcc.a(_arm_addsubdf3.o)
 .ARM.attributes
                0x0000000000000489       0x1e /usr/lib/gcc/arm-none-eabi/10.3.1/thumb/v7e-m+fp/hard/libgcc.a(_arm_muldivdf3.o)
 .ARM.attributes
                0x00000000000004a7       0x1e /usr/lib/gcc/arm-none-eabi/10.3.1/thumb/v7e-m+fp/hard/libgcc.a(_arm_fixdfsi.o)
 .ARM.attributes
                0x00000000000004c5       0x1e /usr/lib/gcc/arm-none-eabi/10.3.1/thumb/v7e-m+fp/hard/libgcc.a(_arm_fixunsdfsi.o)
 .ARM.attributes
                0x00000000000004e3       0x1e /usr/lib/gcc/arm-none-eabi/10.3.1/thumb/v7e-m+fp/hard/libgcc.a(_aeabi_uldivmod.o)
 .ARM.attributes
                0x0000000000000501       0x34 /usr/lib/gcc/arm-none-eabi/10.3.1/thumb/v7e-m+fp/hard/libgcc.a(_udivmoddi4.o)
 .ARM.attributes
                0x0000000000000535       0x1e /usr/lib/gcc/arm-none-eabi/10.3.1/thumb/v7e-m+fp/hard/libgcc.a(_dvmd_tls.o)
 .ARM.attributes
                0x0000000000000553       0x32 /usr/lib/gcc/arm-none-eabi/10.3.1/thumb/v7e-m+fp/hard/crtend.o
 .ARM.attributes
                0x0000000000000585       0x1e /usr/lib/gcc/arm-none-eabi/10.3.1/thumb/v7e-m+fp/hard/crtn.o
OUTPUT(build/bms_simulation.elf elf32-littlearm)
LOAD linker stubs
LOAD /usr/lib/gcc/arm-none-eabi/10.3.1/../../../arm-none-eabi/lib/thumb/v7e-m+fp/hard/libc.a
LOAD /usr/lib/gcc/arm-none-eabi/10.3.1/../../../arm-none-eabi/lib/thumb/v7e-m+fp/hard/libm.a
LOAD /usr/lib/gcc/arm-none-eabi/10.3.1/thumb/v7e-m+fp/hard/libgcc.a

.comment        0x0000000000000000       0x33
 .comment       0x0000000000000000       0x33 /usr/lib/gcc/arm-none-eabi/10.3.1/thumb/v7e-m+fp/hard/crtbegin.o
                                         0x34 (size before relaxing)
 .comment       0x0000000000000033       0x34 build/mcb.o
 .comment       0x0000000000000033       0x34 build/hvcb.o
 .comment       0x0000000000000033       0x34 build/main.o
 .comment       0x0000000000000033       0x34 build/stm32f4xx_it.o
 .comment       0x0000000000000033       0x34 build/stm32f4xx_hal_msp.o
 .comment       0x0000000000000033       0x34 build/stm32f4xx_hal_can.o
 .comment       0x0000000000000033       0x34 build/stm32f4xx_hal_rcc.o
 .comment       0x0000000000000033       0x34 build/stm32f4xx_hal_rcc_ex.o
 .comment       0x0000000000000033       0x34 build/stm32f4xx_hal_gpio.o
 .comment       0x0000000000000033       0x34 build/stm32f4xx_hal_pwr_ex.o
 .comment       0x0000000000000033       0x34 build/stm32f4xx_hal_cortex.o
 .comment       0x0000000000000033       0x34 build/stm32f4xx_hal.o
 .comment       0x0000000000000033       0x34 build/stm32f4xx_hal_uart.o
 .comment       0x0000000000000033       0x34 build/system_stm32f4xx.o
 .comment       0x0000000000000033       0x34 build/gpio.o
 .comment       0x0000000000000033       0x34 build/can.o
 .comment       0x0000000000000033       0x34 build/usart.o
 .comment       0x0000000000000033       0x34 /usr/lib/gcc/arm-none-eabi/10.3.1/../../../arm-none-eabi/lib/thumb/v7e-m+fp/hard/libc_nano.a(lib_a-init.o)
 .comment       0x0000000000000033       0x34 /usr/lib/gcc/arm-none-eabi/10.3.1/../../../arm-none-eabi/lib/thumb/v7e-m+fp/hard/libc_nano.a(lib_a-memset.o)
 .comment       0x0000000000000033       0x34 /usr/lib/gcc/arm-none-eabi/10.3.1/thumb/v7e-m+fp/hard/libgcc.a(_udivmoddi4.o)
 .comment       0x0000000000000033       0x34 /usr/lib/gcc/arm-none-eabi/10.3.1/thumb/v7e-m+fp/hard/crtend.o

.debug_info     0x0000000000000000    0x6b374
 .debug_info    0x0000000000000000    0x2252c build/mcb.o
 .debug_info    0x000000000002252c    0x39dee build/hvcb.o
 .debug_info    0x000000000005c31a      0x710 build/main.o
 .debug_info    0x000000000005ca2a      0x655 build/stm32f4xx_it.o
 .debug_info    0x000000000005d07f      0x349 build/stm32f4xx_hal_msp.o
 .debug_info    0x000000000005d3c8     0x13cc build/stm32f4xx_hal_can.o
 .debug_info    0x000000000005e794      0xc1f build/stm32f4xx_hal_rcc.o
 .debug_info    0x000000000005f3b3      0xdac build/stm32f4xx_hal_rcc_ex.o
 .debug_info    0x000000000006015f      0x888 build/stm32f4xx_hal_gpio.o
 .debug_info    0x00000000000609e7      0x868 build/stm32f4xx_hal_pwr_ex.o
 .debug_info    0x000000000006124f     0x11c0 build/stm32f4xx_hal_cortex.o
 .debug_info    0x000000000006240f      0xb25 build/stm32f4xx_hal.o
 .debug_info    0x0000000000062f34     0x4316 build/stm32f4xx_hal_uart.o
 .debug_info    0x000000000006724a      0x5df build/system_stm32f4xx.o
 .debug_info    0x0000000000067829      0x561 build/gpio.o
 .debug_info    0x0000000000067d8a     0x2058 build/can.o
 .debug_info    0x0000000000069de2      0xafe build/usart.o
 .debug_info    0x000000000006a8e0       0x22 build/startup_stm32f446xx.o
 .debug_info    0x000000000006a902      0x11a /usr/lib/gcc/arm-none-eabi/10.3.1/../../../arm-none-eabi/lib/thumb/v7e-m+fp/hard/libc_nano.a(lib_a-init.o)
 .debug_info    0x000000000006aa1c      0x137 /usr/lib/gcc/arm-none-eabi/10.3.1/../../../arm-none-eabi/lib/thumb/v7e-m+fp/hard/libc_nano.a(lib_a-memset.o)
 .debug_info    0x000000000006ab53       0x26 /usr/lib/gcc/arm-none-eabi/10.3.1/../../../arm-none-eabi/lib/thumb/v7e-m+fp/hard/libc_nano.a(lib_a-strlen.o)
 .debug_info    0x000000000006ab79       0x26 /usr/lib/gcc/arm-none-eabi/10.3.1/thumb/v7e-m+fp/hard/libgcc.a(_arm_addsubdf3.o)
 .debug_info    0x000000000006ab9f       0x26 /usr/lib/gcc/arm-none-eabi/10.3.1/thumb/v7e-m+fp/hard/libgcc.a(_arm_muldivdf3.o)
 .debug_info    0x000000000006abc5       0x26 /usr/lib/gcc/arm-none-eabi/10.3.1/thumb/v7e-m+fp/hard/libgcc.a(_arm_fixdfsi.o)
 .debug_info    0x000000000006abeb       0x26 /usr/lib/gcc/arm-none-eabi/10.3.1/thumb/v7e-m+fp/hard/libgcc.a(_arm_fixunsdfsi.o)
 .debug_info    0x000000000006ac11       0x26 /usr/lib/gcc/arm-none-eabi/10.3.1/thumb/v7e-m+fp/hard/libgcc.a(_aeabi_uldivmod.o)
 .debug_info    0x000000000006ac37      0x717 /usr/lib/gcc/arm-none-eabi/10.3.1/thumb/v7e-m+fp/hard/libgcc.a(_udivmoddi4.o)
 .debug_info    0x000000000006b34e       0x26 /usr/lib/gcc/arm-none-eabi/10.3.1/thumb/v7e-m+fp/hard/libgcc.a(_dvmd_tls.o)

.debug_abbrev   0x0000000000000000     0x27c2
 .debug_abbrev  0x0000000000000000      0x23d build/mcb.o
 .debug_abbrev  0x000000000000023d      0x1ee build/hvcb.o
 .debug_abbrev  0x000000000000042b      0x212 build/main.o
 .debug_abbrev  0x000000000000063d      0x166 build/stm32f4xx_it.o
 .debug_abbrev  0x00000000000007a3       0xf7 build/stm32f4xx_hal_msp.o
 .debug_abbrev  0x000000000000089a      0x28e build/stm32f4xx_hal_can.o
 .debug_abbrev  0x0000000000000b28      0x2aa build/stm32f4xx_hal_rcc.o
 .debug_abbrev  0x0000000000000dd2      0x247 build/stm32f4xx_hal_rcc_ex.o
 .debug_abbrev  0x0000000000001019      0x22b build/stm32f4xx_hal_gpio.o
 .debug_abbrev  0x0000000000001244      0x1c3 build/stm32f4xx_hal_pwr_ex.o
 .debug_abbrev  0x0000000000001407      0x379 build/stm32f4xx_hal_cortex.o
 .debug_abbrev  0x0000000000001780      0x209 build/stm32f4xx_hal.o
 .debug_abbrev  0x0000000000001989      0x34d build/stm32f4xx_hal_uart.o
 .debug_abbrev  0x0000000000001cd6      0x11b build/system_stm32f4xx.o
 .debug_abbrev  0x0000000000001df1      0x151 build/gpio.o
 .debug_abbrev  0x0000000000001f42      0x321 build/can.o
 .debug_abbrev  0x0000000000002263      0x1de build/usart.o
 .debug_abbrev  0x0000000000002441       0x12 build/startup_stm32f446xx.o
 .debug_abbrev  0x0000000000002453       0xcc /usr/lib/gcc/arm-none-eabi/10.3.1/../../../arm-none-eabi/lib/thumb/v7e-m+fp/hard/libc_nano.a(lib_a-init.o)
 .debug_abbrev  0x000000000000251f       0xb4 /usr/lib/gcc/arm-none-eabi/10.3.1/../../../arm-none-eabi/lib/thumb/v7e-m+fp/hard/libc_nano.a(lib_a-memset.o)
 .debug_abbrev  0x00000000000025d3       0x14 /usr/lib/gcc/arm-none-eabi/10.3.1/../../../arm-none-eabi/lib/thumb/v7e-m+fp/hard/libc_nano.a(lib_a-strlen.o)
 .debug_abbrev  0x00000000000025e7       0x14 /usr/lib/gcc/arm-none-eabi/10.3.1/thumb/v7e-m+fp/hard/libgcc.a(_arm_addsubdf3.o)
 .debug_abbrev  0x00000000000025fb       0x14 /usr/lib/gcc/arm-none-eabi/10.3.1/thumb/v7e-m+fp/hard/libgcc.a(_arm_muldivdf3.o)
 .debug_abbrev  0x000000000000260f       0x14 /usr/lib/gcc/arm-none-eabi/10.3.1/thumb/v7e-m+fp/hard/libgcc.a(_arm_fixdfsi.o)
 .debug_abbrev  0x0000000000002623       0x14 /usr/lib/gcc/arm-none-eabi/10.3.1/thumb/v7e-m+fp/hard/libgcc.a(_arm_fixunsdfsi.o)
 .debug_abbrev  0x0000000000002637       0x14 /usr/lib/gcc/arm-none-eabi/10.3.1/thumb/v7e-m+fp/hard/libgcc.a(_aeabi_uldivmod.o)
 .debug_abbrev  0x000000000000264b      0x163 /usr/lib/gcc/arm-none-eabi/10.3.1/thumb/v7e-m+fp/hard/libgcc.a(_udivmoddi4.o)
 .debug_abbrev  0x00000000000027ae       0x14 /usr/lib/gcc/arm-none-eabi/10.3.1/thumb/v7e-m+fp/hard/libgcc.a(_dvmd_tls.o)

.debug_loc      0x0000000000000000    0x636fe
 .debug_loc     0x0000000000000000    0x2176d build/mcb.o
 .debug_loc     0x000000000002176d    0x37e77 build/hvcb.o
 .debug_loc     0x00000000000595e4       0x7b build/main.o
 .debug_loc     0x000000000005965f       0xa0 build/stm32f4xx_it.o
 .debug_loc     0x00000000000596ff       0x38 build/stm32f4xx_hal_msp.o
 .debug_loc     0x0000000000059737      0xf0c build/stm32f4xx_hal_can.o
 .debug_loc     0x000000000005a643      0x6e4 build/stm32f4xx_hal_rcc.o
 .debug_loc     0x000000000005ad27     0x100b build/stm32f4xx_hal_rcc_ex.o
 .debug_loc     0x000000000005bd32      0x5e8 build/stm32f4xx_hal_gpio.o
 .debug_loc     0x000000000005c31a      0x378 build/stm32f4xx_hal_pwr_ex.o
 .debug_loc     0x000000000005c692      0x7a4 build/stm32f4xx_hal_cortex.o
 .debug_loc     0x000000000005ce36      0x1e1 build/stm32f4xx_hal.o
 .debug_loc     0x000000000005d017     0x4d51 build/stm32f4xx_hal_uart.o
 .debug_loc     0x0000000000061d68       0xbe build/system_stm32f4xx.o
 .debug_loc     0x0000000000061e26       0x39 build/gpio.o
 .debug_loc     0x0000000000061e5f      0x4a2 build/can.o
 .debug_loc     0x0000000000062301      0x108 build/usart.o
 .debug_loc     0x0000000000062409       0xba /usr/lib/gcc/arm-none-eabi/10.3.1/../../../arm-none-eabi/lib/thumb/v7e-m+fp/hard/libc_nano.a(lib_a-init.o)
 .debug_loc     0x00000000000624c3      0x22c /usr/lib/gcc/arm-none-eabi/10.3.1/../../../arm-none-eabi/lib/thumb/v7e-m+fp/hard/libc_nano.a(lib_a-memset.o)
 .debug_loc     0x00000000000626ef     0x100f /usr/lib/gcc/arm-none-eabi/10.3.1/thumb/v7e-m+fp/hard/libgcc.a(_udivmoddi4.o)

.debug_aranges  0x0000000000000000     0x5cc8
 .debug_aranges
                0x0000000000000000     0x2220 build/mcb.o
 .debug_aranges
                0x0000000000002220     0x30f0 build/hvcb.o
 .debug_aranges
                0x0000000000005310       0x30 build/main.o
 .debug_aranges
                0x0000000000005340       0x80 build/stm32f4xx_it.o
 .debug_aranges
                0x00000000000053c0       0x20 build/stm32f4xx_hal_msp.o
 .debug_aranges
                0x00000000000053e0      0x138 build/stm32f4xx_hal_can.o
 .debug_aranges
                0x0000000000005518       0x88 build/stm32f4xx_hal_rcc.o
 .debug_aranges
                0x00000000000055a0       0x78 build/stm32f4xx_hal_rcc_ex.o
 .debug_aranges
                0x0000000000005618       0x58 build/stm32f4xx_hal_gpio.o
 .debug_aranges
                0x0000000000005670       0x60 build/stm32f4xx_hal_pwr_ex.o
 .debug_aranges
                0x00000000000056d0       0xc0 build/stm32f4xx_hal_cortex.o
 .debug_aranges
                0x0000000000005790       0xf0 build/stm32f4xx_hal.o
 .debug_aranges
                0x0000000000005880      0x208 build/stm32f4xx_hal_uart.o
 .debug_aranges
                0x0000000000005a88       0x28 build/system_stm32f4xx.o
 .debug_aranges
                0x0000000000005ab0       0x20 build/gpio.o
 .debug_aranges
                0x0000000000005ad0       0x60 build/can.o
 .debug_aranges
                0x0000000000005b30       0x30 build/usart.o
 .debug_aranges
                0x0000000000005b60       0x28 build/startup_stm32f446xx.o
 .debug_aranges
                0x0000000000005b88       0x20 /usr/lib/gcc/arm-none-eabi/10.3.1/../../../arm-none-eabi/lib/thumb/v7e-m+fp/hard/libc_nano.a(lib_a-init.o)
 .debug_aranges
                0x0000000000005ba8       0x20 /usr/lib/gcc/arm-none-eabi/10.3.1/../../../arm-none-eabi/lib/thumb/v7e-m+fp/hard/libc_nano.a(lib_a-memset.o)
 .debug_aranges
                0x0000000000005bc8       0x20 /usr/lib/gcc/arm-none-eabi/10.3.1/../../../arm-none-eabi/lib/thumb/v7e-m+fp/hard/libc_nano.a(lib_a-strlen.o)
 .debug_aranges
                0x0000000000005be8       0x20 /usr/lib/gcc/arm-none-eabi/10.3.1/thumb/v7e-m+fp/hard/libgcc.a(_arm_addsubdf3.o)
 .debug_aranges
                0x0000000000005c08       0x20 /usr/lib/gcc/arm-none-eabi/10.3.1/thumb/v7e-m+fp/hard/libgcc.a(_arm_muldivdf3.o)
 .debug_aranges
                0x0000000000005c28       0x20 /usr/lib/gcc/arm-none-eabi/10.3.1/thumb/v7e-m+fp/hard/libgcc.a(_arm_fixdfsi.o)
 .debug_aranges
                0x0000000000005c48       0x20 /usr/lib/gcc/arm-none-eabi/10.3.1/thumb/v7e-m+fp/hard/libgcc.a(_arm_fixunsdfsi.o)
 .debug_aranges
                0x0000000000005c68       0x20 /usr/lib/gcc/arm-none-eabi/10.3.1/thumb/v7e-m+fp/hard/libgcc.a(_aeabi_uldivmod.o)
 .debug_aranges
                0x0000000000005c88       0x20 /usr/lib/gcc/arm-none-eabi/10.3.1/thumb/v7e-m+fp/hard/libgcc.a(_udivmoddi4.o)
 .debug_aranges
                0x0000000000005ca8       0x20 /usr/lib/gcc/arm-none-eabi/10.3.1/thumb/v7e-m+fp/hard/libgcc.a(_dvmd_tls.o)

.debug_ranges   0x0000000000000000     0x5c00
 .debug_ranges  0x0000000000000000     0x2210 build/mcb.o
 .debug_ranges  0x0000000000002210     0x30e0 build/hvcb.o
 .debug_ranges  0x00000000000052f0       0x20 build/main.o
 .debug_ranges  0x0000000000005310       0x70 build/stm32f4xx_it.o
 .debug_ranges  0x0000000000005380       0x10 build/stm32f4xx_hal_msp.o
 .debug_ranges  0x0000000000005390      0x140 build/stm32f4xx_hal_can.o
 .debug_ranges  0x00000000000054d0       0x90 build/stm32f4xx_hal_rcc.o
 .debug_ranges  0x0000000000005560       0x80 build/stm32f4xx_hal_rcc_ex.o
 .debug_ranges  0x00000000000055e0       0x48 build/stm32f4xx_hal_gpio.o
 .debug_ranges  0x0000000000005628       0x50 build/stm32f4xx_hal_pwr_ex.o
 .debug_ranges  0x0000000000005678      0x110 build/stm32f4xx_hal_cortex.o
 .debug_ranges  0x0000000000005788       0xe0 build/stm32f4xx_hal.o
 .debug_ranges  0x0000000000005868      0x1f8 build/stm32f4xx_hal_uart.o
 .debug_ranges  0x0000000000005a60       0x18 build/system_stm32f4xx.o
 .debug_ranges  0x0000000000005a78       0x10 build/gpio.o
 .debug_ranges  0x0000000000005a88       0x50 build/can.o
 .debug_ranges  0x0000000000005ad8       0x20 build/usart.o
 .debug_ranges  0x0000000000005af8       0x20 build/startup_stm32f446xx.o
 .debug_ranges  0x0000000000005b18       0xe8 /usr/lib/gcc/arm-none-eabi/10.3.1/thumb/v7e-m+fp/hard/libgcc.a(_udivmoddi4.o)

.debug_line     0x0000000000000000    0x33eb7
 .debug_line    0x0000000000000000     0xf70d build/mcb.o
 .debug_line    0x000000000000f70d    0x19ff9 build/hvcb.o
 .debug_line    0x0000000000029706      0x2e8 build/main.o
 .debug_line    0x00000000000299ee      0x274 build/stm32f4xx_it.o
 .debug_line    0x0000000000029c62      0x10e build/stm32f4xx_hal_msp.o
 .debug_line    0x0000000000029d70     0x1075 build/stm32f4xx_hal_can.o
 .debug_line    0x000000000002ade5      0xac7 build/stm32f4xx_hal_rcc.o
 .debug_line    0x000000000002b8ac     0x131a build/stm32f4xx_hal_rcc_ex.o
 .debug_line    0x000000000002cbc6      0x64e build/stm32f4xx_hal_gpio.o
 .debug_line    0x000000000002d214      0x429 build/stm32f4xx_hal_pwr_ex.o
 .debug_line    0x000000000002d63d      0x723 build/stm32f4xx_hal_cortex.o
 .debug_line    0x000000000002dd60      0x4dc build/stm32f4xx_hal.o
 .debug_line    0x000000000002e23c     0x4271 build/stm32f4xx_hal_uart.o
 .debug_line    0x00000000000324ad      0x1c7 build/system_stm32f4xx.o
 .debug_line    0x0000000000032674      0x16e build/gpio.o
 .debug_line    0x00000000000327e2      0x600 build/can.o
 .debug_line    0x0000000000032de2      0x23c build/usart.o
 .debug_line    0x000000000003301e       0x76 build/startup_stm32f446xx.o
 .debug_line    0x0000000000033094      0x138 /usr/lib/gcc/arm-none-eabi/10.3.1/../../../arm-none-eabi/lib/thumb/v7e-m+fp/hard/libc_nano.a(lib_a-init.o)
 .debug_line    0x00000000000331cc      0x1bf /usr/lib/gcc/arm-none-eabi/10.3.1/../../../arm-none-eabi/lib/thumb/v7e-m+fp/hard/libc_nano.a(lib_a-memset.o)
 .debug_line    0x000000000003338b       0xaf /usr/lib/gcc/arm-none-eabi/10.3.1/../../../arm-none-eabi/lib/thumb/v7e-m+fp/hard/libc_nano.a(lib_a-strlen.o)
 .debug_line    0x000000000003343a      0x186 /usr/lib/gcc/arm-none-eabi/10.3.1/thumb/v7e-m+fp/hard/libgcc.a(_arm_addsubdf3.o)
 .debug_line    0x00000000000335c0      0x19b /usr/lib/gcc/arm-none-eabi/10.3.1/thumb/v7e-m+fp/hard/libgcc.a(_arm_muldivdf3.o)
 .debug_line    0x000000000003375b       0x79 /usr/lib/gcc/arm-none-eabi/10.3.1/thumb/v7e-m+fp/hard/libgcc.a(_arm_fixdfsi.o)
 .debug_line    0x00000000000337d4       0x75 /usr/lib/gcc/arm-none-eabi/10.3.1/thumb/v7e-m+fp/hard/libgcc.a(_arm_fixunsdfsi.o)
 .debug_line    0x0000000000033849       0x60 /usr/lib/gcc/arm-none-eabi/10.3.1/thumb/v7e-m+fp/hard/libgcc.a(_aeabi_uldivmod.o)
 .debug_line    0x00000000000338a9      0x5ae /usr/lib/gcc/arm-none-eabi/10.3.1/thumb/v7e-m+fp/hard/libgcc.a(_udivmoddi4.o)
 .debug_line    0x0000000000033e57       0x60 /usr/lib/gcc/arm-none-eabi/10.3.1/thumb/v7e-m+fp/hard/libgcc.a(_dvmd_tls.o)

.debug_str      0x0000000000000000    0x24717
 .debug_str     0x0000000000000000     0xdc8d build/mcb.o
                                       0xdd93 (size before relaxing)
 .debug_str     0x000000000000dc8d    0x13378 build/hvcb.o
                                      0x136b1 (size before relaxing)
 .debug_str     0x0000000000021005      0x379 build/main.o
                                        0x507 (size before relaxing)
 .debug_str     0x000000000002137e      0x351 build/stm32f4xx_it.o
                                        0x506 (size before relaxing)
 .debug_str     0x00000000000216cf       0x46 build/stm32f4xx_hal_msp.o
                                        0x2d2 (size before relaxing)
 .debug_str     0x0000000000021715      0x597 build/stm32f4xx_hal_can.o
                                        0xa00 (size before relaxing)
 .debug_str     0x0000000000021cac      0x284 build/stm32f4xx_hal_rcc.o
                                        0x6e5 (size before relaxing)
 .debug_str     0x0000000000021f30      0x344 build/stm32f4xx_hal_rcc_ex.o
                                        0x7d7 (size before relaxing)
 .debug_str     0x0000000000022274      0x15e build/stm32f4xx_hal_gpio.o
                                        0x4c5 (size before relaxing)
 .debug_str     0x00000000000223d2      0x187 build/stm32f4xx_hal_pwr_ex.o
                                        0x4bb (size before relaxing)
 .debug_str     0x0000000000022559      0x9e9 build/stm32f4xx_hal_cortex.o
                                        0xc77 (size before relaxing)
 .debug_str     0x0000000000022f42      0x29a build/stm32f4xx_hal.o
                                        0xb95 (size before relaxing)
 .debug_str     0x00000000000231dc      0xa7e build/stm32f4xx_hal_uart.o
                                        0xd50 (size before relaxing)
 .debug_str     0x0000000000023c5a       0x47 build/system_stm32f4xx.o
                                        0x365 (size before relaxing)
 .debug_str     0x0000000000023ca1       0x10 build/gpio.o
                                        0x35b (size before relaxing)
 .debug_str     0x0000000000023cb1      0x12e build/can.o
                                       0x18ae (size before relaxing)
 .debug_str     0x0000000000023ddf       0x1c build/usart.o
                                        0x809 (size before relaxing)
 .debug_str     0x0000000000023dfb       0x22 build/startup_stm32f446xx.o
                                         0x48 (size before relaxing)
 .debug_str     0x0000000000023e1d      0x163 /usr/lib/gcc/arm-none-eabi/10.3.1/../../../arm-none-eabi/lib/thumb/v7e-m+fp/hard/libc_nano.a(lib_a-init.o)
                                        0x20b (size before relaxing)
 .debug_str     0x0000000000023f80       0xa3 /usr/lib/gcc/arm-none-eabi/10.3.1/../../../arm-none-eabi/lib/thumb/v7e-m+fp/hard/libc_nano.a(lib_a-memset.o)
                                        0x1c0 (size before relaxing)
 .debug_str     0x0000000000024023       0xb5 /usr/lib/gcc/arm-none-eabi/10.3.1/../../../arm-none-eabi/lib/thumb/v7e-m+fp/hard/libc_nano.a(lib_a-strlen.o)
 .debug_str     0x00000000000240d8       0x9f /usr/lib/gcc/arm-none-eabi/10.3.1/thumb/v7e-m+fp/hard/libgcc.a(_arm_addsubdf3.o)
                                         0xab (size before relaxing)
 .debug_str     0x0000000000024177       0xab /usr/lib/gcc/arm-none-eabi/10.3.1/thumb/v7e-m+fp/hard/libgcc.a(_arm_muldivdf3.o)
 .debug_str     0x0000000000024177       0xab /usr/lib/gcc/arm-none-eabi/10.3.1/thumb/v7e-m+fp/hard/libgcc.a(_arm_fixdfsi.o)
 .debug_str     0x0000000000024177       0xab /usr/lib/gcc/arm-none-eabi/10.3.1/thumb/v7e-m+fp/hard/libgcc.a(_arm_fixunsdfsi.o)
 .debug_str     0x0000000000024177       0x2c /usr/lib/gcc/arm-none-eabi/10.3.1/thumb/v7e-m+fp/hard/libgcc.a(_aeabi_uldivmod.o)
                                         0xa6 (size before relaxing)
 .debug_str     0x00000000000241a3      0x544 /usr/lib/gcc/arm-none-eabi/10.3.1/thumb/v7e-m+fp/hard/libgcc.a(_udivmoddi4.o)
                                        0x647 (size before relaxing)
 .debug_str     0x00000000000246e7       0x30 /usr/lib/gcc/arm-none-eabi/10.3.1/thumb/v7e-m+fp/hard/libgcc.a(_dvmd_tls.o)
                                         0xaa (size before relaxing)

.debug_frame    0x0000000000000000     0xeebc
 .debug_frame   0x0000000000000000     0x57ac build/mcb.o
 .debug_frame   0x00000000000057ac     0x80fc build/hvcb.o
 .debug_frame   0x000000000000d8a8       0x58 build/main.o
 .debug_frame   0x000000000000d900      0x108 build/stm32f4xx_it.o
 .debug_frame   0x000000000000da08       0x2c build/stm32f4xx_hal_msp.o
 .debug_frame   0x000000000000da34      0x2d8 build/stm32f4xx_hal_can.o
 .debug_frame   0x000000000000dd0c      0x16c build/stm32f4xx_hal_rcc.o
 .debug_frame   0x000000000000de78      0x14c build/stm32f4xx_hal_rcc_ex.o
 .debug_frame   0x000000000000dfc4       0xd8 build/stm32f4xx_hal_gpio.o
 .debug_frame   0x000000000000e09c       0xf4 build/stm32f4xx_hal_pwr_ex.o
 .debug_frame   0x000000000000e190      0x178 build/stm32f4xx_hal_cortex.o
 .debug_frame   0x000000000000e308      0x1ec build/stm32f4xx_hal.o
 .debug_frame   0x000000000000e4f4      0x5e8 build/stm32f4xx_hal_uart.o
 .debug_frame   0x000000000000eadc       0x30 build/system_stm32f4xx.o
 .debug_frame   0x000000000000eb0c       0x34 build/gpio.o
 .debug_frame   0x000000000000eb40      0x120 build/can.o
 .debug_frame   0x000000000000ec60       0x60 build/usart.o
 .debug_frame   0x000000000000ecc0       0x2c /usr/lib/gcc/arm-none-eabi/10.3.1/../../../arm-none-eabi/lib/thumb/v7e-m+fp/hard/libc_nano.a(lib_a-init.o)
 .debug_frame   0x000000000000ecec       0x2c /usr/lib/gcc/arm-none-eabi/10.3.1/../../../arm-none-eabi/lib/thumb/v7e-m+fp/hard/libc_nano.a(lib_a-memset.o)
 .debug_frame   0x000000000000ed18       0xac /usr/lib/gcc/arm-none-eabi/10.3.1/thumb/v7e-m+fp/hard/libgcc.a(_arm_addsubdf3.o)
 .debug_frame   0x000000000000edc4       0x50 /usr/lib/gcc/arm-none-eabi/10.3.1/thumb/v7e-m+fp/hard/libgcc.a(_arm_muldivdf3.o)
 .debug_frame   0x000000000000ee14       0x24 /usr/lib/gcc/arm-none-eabi/10.3.1/thumb/v7e-m+fp/hard/libgcc.a(_arm_fixdfsi.o)
 .debug_frame   0x000000000000ee38       0x24 /usr/lib/gcc/arm-none-eabi/10.3.1/thumb/v7e-m+fp/hard/libgcc.a(_arm_fixunsdfsi.o)
 .debug_frame   0x000000000000ee5c       0x2c /usr/lib/gcc/arm-none-eabi/10.3.1/thumb/v7e-m+fp/hard/libgcc.a(_aeabi_uldivmod.o)
 .debug_frame   0x000000000000ee88       0x34 /usr/lib/gcc/arm-none-eabi/10.3.1/thumb/v7e-m+fp/hard/libgcc.a(_udivmoddi4.o)

Cross Reference Table

Symbol                                            File
ADC_IRQHandler                                    build/startup_stm32f446xx.o
AHBPrescTable                                     build/system_stm32f4xx.o
                                                  build/stm32f4xx_hal_rcc.o
APBPrescTable                                     build/system_stm32f4xx.o
                                                  build/stm32f4xx_hal_rcc.o
BMS_ReceiveRoutine                                build/can.o
                                                  build/main.o
BMS_SendMessageRoutine                            build/can.o
                                                  build/main.o
BMS_send_msg                                      build/can.o
BusFault_Handler                                  build/stm32f4xx_it.o
CAN1_RX0_IRQHandler                               build/stm32f4xx_it.o
CAN1_RX1_IRQHandler                               build/stm32f4xx_it.o
CAN1_SCE_IRQHandler                               build/stm32f4xx_it.o
CAN1_TX_IRQHandler                                build/stm32f4xx_it.o
CAN2_RX0_IRQHandler                               build/startup_stm32f446xx.o
CAN2_RX1_IRQHandler                               build/startup_stm32f446xx.o
CAN2_SCE_IRQHandler                               build/startup_stm32f446xx.o
CAN2_TX_IRQHandler                                build/startup_stm32f446xx.o
CEC_IRQHandler                                    build/startup_stm32f446xx.o
DCMI_IRQHandler                                   build/startup_stm32f446xx.o
DMA1_Stream0_IRQHandler                           build/startup_stm32f446xx.o
DMA1_Stream1_IRQHandler                           build/startup_stm32f446xx.o
DMA1_Stream2_IRQHandler                           build/startup_stm32f446xx.o
DMA1_Stream3_IRQHandler                           build/startup_stm32f446xx.o
DMA1_Stream4_IRQHandler                           build/startup_stm32f446xx.o
DMA1_Stream5_IRQHandler                           build/startup_stm32f446xx.o
DMA1_Stream6_IRQHandler                           build/startup_stm32f446xx.o
DMA1_Stream7_IRQHandler                           build/startup_stm32f446xx.o
DMA2_Stream0_IRQHandler                           build/startup_stm32f446xx.o
DMA2_Stream1_IRQHandler                           build/startup_stm32f446xx.o
DMA2_Stream2_IRQHandler                           build/startup_stm32f446xx.o
DMA2_Stream3_IRQHandler                           build/startup_stm32f446xx.o
DMA2_Stream4_IRQHandler                           build/startup_stm32f446xx.o
DMA2_Stream5_IRQHandler                           build/startup_stm32f446xx.o
DMA2_Stream6_IRQHandler                           build/startup_stm32f446xx.o
DMA2_Stream7_IRQHandler                           build/startup_stm32f446xx.o
DebugMon_Handler                                  build/stm32f4xx_it.o
Default_Handler                                   build/startup_stm32f446xx.o
EXTI0_IRQHandler                                  build/startup_stm32f446xx.o
EXTI15_10_IRQHandler                              build/startup_stm32f446xx.o
EXTI1_IRQHandler                                  build/startup_stm32f446xx.o
EXTI2_IRQHandler                                  build/startup_stm32f446xx.o
EXTI3_IRQHandler                                  build/startup_stm32f446xx.o
EXTI4_IRQHandler                                  build/startup_stm32f446xx.o
EXTI9_5_IRQHandler                                build/startup_stm32f446xx.o
Error_Handler                                     build/main.o
                                                  build/usart.o
                                                  build/can.o
FLASH_Erase_Sector                                build/stm32f4xx_hal_flash_ex.o
                                                  build/stm32f4xx_hal_flash.o
FLASH_FlushCaches                                 build/stm32f4xx_hal_flash_ex.o
                                                  build/stm32f4xx_hal_flash.o
FLASH_IRQHandler                                  build/startup_stm32f446xx.o
FLASH_WaitForLastOperation                        build/stm32f4xx_hal_flash.o
                                                  build/stm32f4xx_hal_flash_ex.o
FMC_IRQHandler                                    build/startup_stm32f446xx.o
FMPI2C1_ER_IRQHandler                             build/startup_stm32f446xx.o
FMPI2C1_EV_IRQHandler                             build/startup_stm32f446xx.o
FPU_IRQHandler                                    build/startup_stm32f446xx.o
HAL_CAN_AbortTxRequest                            build/stm32f4xx_hal_can.o
HAL_CAN_ActivateNotification                      build/stm32f4xx_hal_can.o
                                                  build/can.o
HAL_CAN_AddTxMessage                              build/stm32f4xx_hal_can.o
                                                  build/can.o
HAL_CAN_ConfigFilter                              build/stm32f4xx_hal_can.o
                                                  build/can.o
HAL_CAN_DeInit                                    build/stm32f4xx_hal_can.o
HAL_CAN_DeactivateNotification                    build/stm32f4xx_hal_can.o
HAL_CAN_ErrorCallback                             build/stm32f4xx_hal_can.o
HAL_CAN_GetError                                  build/stm32f4xx_hal_can.o
HAL_CAN_GetRxFifoFillLevel                        build/stm32f4xx_hal_can.o
HAL_CAN_GetRxMessage                              build/stm32f4xx_hal_can.o
                                                  build/can.o
HAL_CAN_GetState                                  build/stm32f4xx_hal_can.o
HAL_CAN_GetTxMailboxesFreeLevel                   build/stm32f4xx_hal_can.o
                                                  build/can.o
HAL_CAN_GetTxTimestamp                            build/stm32f4xx_hal_can.o
HAL_CAN_IRQHandler                                build/stm32f4xx_hal_can.o
                                                  build/stm32f4xx_it.o
HAL_CAN_Init                                      build/stm32f4xx_hal_can.o
                                                  build/can.o
HAL_CAN_IsSleepActive                             build/stm32f4xx_hal_can.o
HAL_CAN_IsTxMessagePending                        build/stm32f4xx_hal_can.o
HAL_CAN_MspDeInit                                 build/can.o
                                                  build/stm32f4xx_hal_can.o
HAL_CAN_MspInit                                   build/can.o
                                                  build/stm32f4xx_hal_can.o
HAL_CAN_RequestSleep                              build/stm32f4xx_hal_can.o
HAL_CAN_ResetError                                build/stm32f4xx_hal_can.o
HAL_CAN_RxFifo0FullCallback                       build/stm32f4xx_hal_can.o
HAL_CAN_RxFifo0MsgPendingCallback                 build/can.o
                                                  build/stm32f4xx_hal_can.o
HAL_CAN_RxFifo1FullCallback                       build/stm32f4xx_hal_can.o
HAL_CAN_RxFifo1MsgPendingCallback                 build/stm32f4xx_hal_can.o
HAL_CAN_SleepCallback                             build/stm32f4xx_hal_can.o
HAL_CAN_Start                                     build/stm32f4xx_hal_can.o
                                                  build/can.o
HAL_CAN_Stop                                      build/stm32f4xx_hal_can.o
HAL_CAN_TxMailbox0AbortCallback                   build/stm32f4xx_hal_can.o
HAL_CAN_TxMailbox0CompleteCallback                build/stm32f4xx_hal_can.o
HAL_CAN_TxMailbox1AbortCallback                   build/stm32f4xx_hal_can.o
HAL_CAN_TxMailbox1CompleteCallback                build/stm32f4xx_hal_can.o
HAL_CAN_TxMailbox2AbortCallback                   build/stm32f4xx_hal_can.o
HAL_CAN_TxMailbox2CompleteCallback                build/stm32f4xx_hal_can.o
HAL_CAN_WakeUp                                    build/stm32f4xx_hal_can.o
HAL_CAN_WakeUpFromRxMsgCallback                   build/stm32f4xx_hal_can.o
HAL_CORTEX_ClearEvent                             build/stm32f4xx_hal_cortex.o
HAL_DBGMCU_DisableDBGSleepMode                    build/stm32f4xx_hal.o
HAL_DBGMCU_DisableDBGStandbyMode                  build/stm32f4xx_hal.o
HAL_DBGMCU_DisableDBGStopMode                     build/stm32f4xx_hal.o
HAL_DBGMCU_EnableDBGSleepMode                     build/stm32f4xx_hal.o
HAL_DBGMCU_EnableDBGStandbyMode                   build/stm32f4xx_hal.o
HAL_DBGMCU_EnableDBGStopMode                      build/stm32f4xx_hal.o
HAL_DMAEx_ChangeMemory                            build/stm32f4xx_hal_dma_ex.o
HAL_DMAEx_MultiBufferStart                        build/stm32f4xx_hal_dma_ex.o
HAL_DMAEx_MultiBufferStart_IT                     build/stm32f4xx_hal_dma_ex.o
HAL_DMA_Abort                                     build/stm32f4xx_hal_dma.o
                                                  build/stm32f4xx_hal_uart.o
HAL_DMA_Abort_IT                                  build/stm32f4xx_hal_dma.o
                                                  build/stm32f4xx_hal_uart.o
HAL_DMA_DeInit                                    build/stm32f4xx_hal_dma.o
HAL_DMA_GetError                                  build/stm32f4xx_hal_dma.o
                                                  build/stm32f4xx_hal_uart.o
HAL_DMA_GetState                                  build/stm32f4xx_hal_dma.o
HAL_DMA_IRQHandler                                build/stm32f4xx_hal_dma.o
HAL_DMA_Init                                      build/stm32f4xx_hal_dma.o
HAL_DMA_PollForTransfer                           build/stm32f4xx_hal_dma.o
HAL_DMA_RegisterCallback                          build/stm32f4xx_hal_dma.o
HAL_DMA_Start                                     build/stm32f4xx_hal_dma.o
HAL_DMA_Start_IT                                  build/stm32f4xx_hal_dma.o
                                                  build/stm32f4xx_hal_uart.o
HAL_DMA_UnRegisterCallback                        build/stm32f4xx_hal_dma.o
HAL_DeInit                                        build/stm32f4xx_hal.o
HAL_Delay                                         build/stm32f4xx_hal.o
HAL_DisableCompensationCell                       build/stm32f4xx_hal.o
HAL_EXTI_ClearConfigLine                          build/stm32f4xx_hal_exti.o
HAL_EXTI_ClearPending                             build/stm32f4xx_hal_exti.o
HAL_EXTI_GenerateSWI                              build/stm32f4xx_hal_exti.o
HAL_EXTI_GetConfigLine                            build/stm32f4xx_hal_exti.o
HAL_EXTI_GetHandle                                build/stm32f4xx_hal_exti.o
HAL_EXTI_GetPending                               build/stm32f4xx_hal_exti.o
HAL_EXTI_IRQHandler                               build/stm32f4xx_hal_exti.o
HAL_EXTI_RegisterCallback                         build/stm32f4xx_hal_exti.o
HAL_EXTI_SetConfigLine                            build/stm32f4xx_hal_exti.o
HAL_EnableCompensationCell                        build/stm32f4xx_hal.o
HAL_FLASHEx_AdvOBGetConfig                        build/stm32f4xx_hal_flash_ex.o
HAL_FLASHEx_AdvOBProgram                          build/stm32f4xx_hal_flash_ex.o
HAL_FLASHEx_DisableFlashSleepMode                 build/stm32f4xx_hal_flash_ramfunc.o
HAL_FLASHEx_EnableFlashSleepMode                  build/stm32f4xx_hal_flash_ramfunc.o
HAL_FLASHEx_Erase                                 build/stm32f4xx_hal_flash_ex.o
HAL_FLASHEx_Erase_IT                              build/stm32f4xx_hal_flash_ex.o
HAL_FLASHEx_OBGetConfig                           build/stm32f4xx_hal_flash_ex.o
HAL_FLASHEx_OBProgram                             build/stm32f4xx_hal_flash_ex.o
HAL_FLASHEx_OB_DeSelectPCROP                      build/stm32f4xx_hal_flash_ex.o
HAL_FLASHEx_OB_SelectPCROP                        build/stm32f4xx_hal_flash_ex.o
HAL_FLASHEx_StartFlashInterfaceClk                build/stm32f4xx_hal_flash_ramfunc.o
HAL_FLASHEx_StopFlashInterfaceClk                 build/stm32f4xx_hal_flash_ramfunc.o
HAL_FLASH_EndOfOperationCallback                  build/stm32f4xx_hal_flash.o
HAL_FLASH_GetError                                build/stm32f4xx_hal_flash.o
HAL_FLASH_IRQHandler                              build/stm32f4xx_hal_flash.o
HAL_FLASH_Lock                                    build/stm32f4xx_hal_flash.o
HAL_FLASH_OB_Launch                               build/stm32f4xx_hal_flash.o
HAL_FLASH_OB_Lock                                 build/stm32f4xx_hal_flash.o
HAL_FLASH_OB_Unlock                               build/stm32f4xx_hal_flash.o
HAL_FLASH_OperationErrorCallback                  build/stm32f4xx_hal_flash.o
HAL_FLASH_Program                                 build/stm32f4xx_hal_flash.o
HAL_FLASH_Program_IT                              build/stm32f4xx_hal_flash.o
HAL_FLASH_Unlock                                  build/stm32f4xx_hal_flash.o
HAL_GPIO_DeInit                                   build/stm32f4xx_hal_gpio.o
                                                  build/usart.o
                                                  build/can.o
HAL_GPIO_EXTI_Callback                            build/stm32f4xx_hal_gpio.o
HAL_GPIO_EXTI_IRQHandler                          build/stm32f4xx_hal_gpio.o
HAL_GPIO_Init                                     build/stm32f4xx_hal_gpio.o
                                                  build/usart.o
                                                  build/can.o
                                                  build/gpio.o
                                                  build/stm32f4xx_hal_rcc.o
HAL_GPIO_LockPin                                  build/stm32f4xx_hal_gpio.o
HAL_GPIO_ReadPin                                  build/stm32f4xx_hal_gpio.o
HAL_GPIO_TogglePin                                build/stm32f4xx_hal_gpio.o
HAL_GPIO_WritePin                                 build/stm32f4xx_hal_gpio.o
                                                  build/can.o
                                                  build/gpio.o
HAL_GetDEVID                                      build/stm32f4xx_hal.o
HAL_GetHalVersion                                 build/stm32f4xx_hal.o
HAL_GetREVID                                      build/stm32f4xx_hal.o
HAL_GetTick                                       build/stm32f4xx_hal.o
                                                  build/can.o
                                                  build/stm32f4xx_hal_uart.o
                                                  build/stm32f4xx_hal_pwr_ex.o
                                                  build/stm32f4xx_hal_dma.o
                                                  build/stm32f4xx_hal_flash.o
                                                  build/stm32f4xx_hal_rcc_ex.o
                                                  build/stm32f4xx_hal_rcc.o
                                                  build/stm32f4xx_hal_can.o
                                                  build/main.o
HAL_GetTickFreq                                   build/stm32f4xx_hal.o
HAL_GetTickPrio                                   build/stm32f4xx_hal.o
HAL_GetUIDw0                                      build/stm32f4xx_hal.o
HAL_GetUIDw1                                      build/stm32f4xx_hal.o
HAL_GetUIDw2                                      build/stm32f4xx_hal.o
HAL_HalfDuplex_EnableReceiver                     build/stm32f4xx_hal_uart.o
HAL_HalfDuplex_EnableTransmitter                  build/stm32f4xx_hal_uart.o
HAL_HalfDuplex_Init                               build/stm32f4xx_hal_uart.o
HAL_IncTick                                       build/stm32f4xx_hal.o
                                                  build/stm32f4xx_it.o
HAL_Init                                          build/stm32f4xx_hal.o
                                                  build/main.o
HAL_InitTick                                      build/stm32f4xx_hal.o
                                                  build/stm32f4xx_hal_rcc_ex.o
                                                  build/stm32f4xx_hal_rcc.o
HAL_LIN_Init                                      build/stm32f4xx_hal_uart.o
HAL_LIN_SendBreak                                 build/stm32f4xx_hal_uart.o
HAL_MPU_ConfigRegion                              build/stm32f4xx_hal_cortex.o
HAL_MPU_Disable                                   build/stm32f4xx_hal_cortex.o
HAL_MPU_DisableRegion                             build/stm32f4xx_hal_cortex.o
HAL_MPU_Enable                                    build/stm32f4xx_hal_cortex.o
HAL_MPU_EnableRegion                              build/stm32f4xx_hal_cortex.o
HAL_MspDeInit                                     build/stm32f4xx_hal.o
HAL_MspInit                                       build/stm32f4xx_hal_msp.o
HAL_MultiProcessor_EnterMuteMode                  build/stm32f4xx_hal_uart.o
HAL_MultiProcessor_ExitMuteMode                   build/stm32f4xx_hal_uart.o
HAL_MultiProcessor_Init                           build/stm32f4xx_hal_uart.o
HAL_NVIC_ClearPendingIRQ                          build/stm32f4xx_hal_cortex.o
HAL_NVIC_DisableIRQ                               build/stm32f4xx_hal_cortex.o
                                                  build/can.o
HAL_NVIC_EnableIRQ                                build/stm32f4xx_hal_cortex.o
                                                  build/can.o
HAL_NVIC_GetActive                                build/stm32f4xx_hal_cortex.o
HAL_NVIC_GetPendingIRQ                            build/stm32f4xx_hal_cortex.o
HAL_NVIC_GetPriority                              build/stm32f4xx_hal_cortex.o
HAL_NVIC_GetPriorityGrouping                      build/stm32f4xx_hal_cortex.o
HAL_NVIC_SetPendingIRQ                            build/stm32f4xx_hal_cortex.o
HAL_NVIC_SetPriority                              build/stm32f4xx_hal_cortex.o
                                                  build/can.o
                                                  build/stm32f4xx_hal.o
HAL_NVIC_SetPriorityGrouping                      build/stm32f4xx_hal_cortex.o
                                                  build/stm32f4xx_hal.o
                                                  build/stm32f4xx_hal_msp.o
HAL_NVIC_SystemReset                              build/stm32f4xx_hal_cortex.o
HAL_PWREx_ControlVoltageScaling                   build/stm32f4xx_hal_pwr_ex.o
HAL_PWREx_DisableBkUpReg                          build/stm32f4xx_hal_pwr_ex.o
HAL_PWREx_DisableFlashPowerDown                   build/stm32f4xx_hal_pwr_ex.o
HAL_PWREx_DisableOverDrive                        build/stm32f4xx_hal_pwr_ex.o
HAL_PWREx_EnableBkUpReg                           build/stm32f4xx_hal_pwr_ex.o
HAL_PWREx_EnableFlashPowerDown                    build/stm32f4xx_hal_pwr_ex.o
HAL_PWREx_EnableOverDrive                         build/stm32f4xx_hal_pwr_ex.o
                                                  build/main.o
HAL_PWREx_EnterUnderDriveSTOPMode                 build/stm32f4xx_hal_pwr_ex.o
HAL_PWREx_GetVoltageRange                         build/stm32f4xx_hal_pwr_ex.o
HAL_PWR_ConfigPVD                                 build/stm32f4xx_hal_pwr.o
HAL_PWR_DeInit                                    build/stm32f4xx_hal_pwr.o
HAL_PWR_DisableBkUpAccess                         build/stm32f4xx_hal_pwr.o
HAL_PWR_DisablePVD                                build/stm32f4xx_hal_pwr.o
HAL_PWR_DisableSEVOnPend                          build/stm32f4xx_hal_pwr.o
HAL_PWR_DisableSleepOnExit                        build/stm32f4xx_hal_pwr.o
HAL_PWR_DisableWakeUpPin                          build/stm32f4xx_hal_pwr.o
HAL_PWR_EnableBkUpAccess                          build/stm32f4xx_hal_pwr.o
HAL_PWR_EnablePVD                                 build/stm32f4xx_hal_pwr.o
HAL_PWR_EnableSEVOnPend                           build/stm32f4xx_hal_pwr.o
HAL_PWR_EnableSleepOnExit                         build/stm32f4xx_hal_pwr.o
HAL_PWR_EnableWakeUpPin                           build/stm32f4xx_hal_pwr.o
HAL_PWR_EnterSLEEPMode                            build/stm32f4xx_hal_pwr.o
HAL_PWR_EnterSTANDBYMode                          build/stm32f4xx_hal_pwr.o
HAL_PWR_EnterSTOPMode                             build/stm32f4xx_hal_pwr.o
HAL_PWR_PVDCallback                               build/stm32f4xx_hal_pwr.o
HAL_PWR_PVD_IRQHandler                            build/stm32f4xx_hal_pwr.o
HAL_RCCEx_DisablePLLI2S                           build/stm32f4xx_hal_rcc_ex.o
HAL_RCCEx_DisablePLLSAI                           build/stm32f4xx_hal_rcc_ex.o
HAL_RCCEx_EnablePLLI2S                            build/stm32f4xx_hal_rcc_ex.o
HAL_RCCEx_EnablePLLSAI                            build/stm32f4xx_hal_rcc_ex.o
HAL_RCCEx_GetPeriphCLKConfig                      build/stm32f4xx_hal_rcc_ex.o
HAL_RCCEx_GetPeriphCLKFreq                        build/stm32f4xx_hal_rcc_ex.o
HAL_RCCEx_PeriphCLKConfig                         build/stm32f4xx_hal_rcc_ex.o
HAL_RCCEx_SelectLSEMode                           build/stm32f4xx_hal_rcc_ex.o
HAL_RCC_CSSCallback                               build/stm32f4xx_hal_rcc.o
HAL_RCC_ClockConfig                               build/stm32f4xx_hal_rcc.o
                                                  build/main.o
HAL_RCC_DeInit                                    build/stm32f4xx_hal_rcc_ex.o
                                                  build/stm32f4xx_hal_rcc.o
HAL_RCC_DisableCSS                                build/stm32f4xx_hal_rcc.o
HAL_RCC_EnableCSS                                 build/stm32f4xx_hal_rcc.o
HAL_RCC_GetClockConfig                            build/stm32f4xx_hal_rcc.o
HAL_RCC_GetHCLKFreq                               build/stm32f4xx_hal_rcc.o
HAL_RCC_GetOscConfig                              build/stm32f4xx_hal_rcc_ex.o
                                                  build/stm32f4xx_hal_rcc.o
HAL_RCC_GetPCLK1Freq                              build/stm32f4xx_hal_rcc.o
                                                  build/stm32f4xx_hal_uart.o
HAL_RCC_GetPCLK2Freq                              build/stm32f4xx_hal_rcc.o
                                                  build/stm32f4xx_hal_uart.o
HAL_RCC_GetSysClockFreq                           build/stm32f4xx_hal_rcc_ex.o
                                                  build/stm32f4xx_hal_rcc.o
HAL_RCC_MCOConfig                                 build/stm32f4xx_hal_rcc.o
HAL_RCC_NMI_IRQHandler                            build/stm32f4xx_hal_rcc.o
HAL_RCC_OscConfig                                 build/stm32f4xx_hal_rcc_ex.o
                                                  build/stm32f4xx_hal_rcc.o
                                                  build/main.o
HAL_ResumeTick                                    build/stm32f4xx_hal.o
HAL_SYSTICK_CLKSourceConfig                       build/stm32f4xx_hal_cortex.o
HAL_SYSTICK_Callback                              build/stm32f4xx_hal_cortex.o
HAL_SYSTICK_Config                                build/stm32f4xx_hal_cortex.o
                                                  build/stm32f4xx_hal.o
HAL_SYSTICK_IRQHandler                            build/stm32f4xx_hal_cortex.o
HAL_SetTickFreq                                   build/stm32f4xx_hal.o
HAL_SuspendTick                                   build/stm32f4xx_hal.o
HAL_UARTEx_GetRxEventType                         build/stm32f4xx_hal_uart.o
HAL_UARTEx_ReceiveToIdle                          build/stm32f4xx_hal_uart.o
HAL_UARTEx_ReceiveToIdle_DMA                      build/stm32f4xx_hal_uart.o
HAL_UARTEx_ReceiveToIdle_IT                       build/stm32f4xx_hal_uart.o
HAL_UARTEx_RxEventCallback                        build/stm32f4xx_hal_uart.o
HAL_UART_Abort                                    build/stm32f4xx_hal_uart.o
HAL_UART_AbortCpltCallback                        build/stm32f4xx_hal_uart.o
HAL_UART_AbortReceive                             build/stm32f4xx_hal_uart.o
HAL_UART_AbortReceiveCpltCallback                 build/stm32f4xx_hal_uart.o
HAL_UART_AbortReceive_IT                          build/stm32f4xx_hal_uart.o
HAL_UART_AbortTransmit                            build/stm32f4xx_hal_uart.o
HAL_UART_AbortTransmitCpltCallback                build/stm32f4xx_hal_uart.o
HAL_UART_AbortTransmit_IT                         build/stm32f4xx_hal_uart.o
HAL_UART_Abort_IT                                 build/stm32f4xx_hal_uart.o
HAL_UART_DMAPause                                 build/stm32f4xx_hal_uart.o
HAL_UART_DMAResume                                build/stm32f4xx_hal_uart.o
HAL_UART_DMAStop                                  build/stm32f4xx_hal_uart.o
HAL_UART_DeInit                                   build/stm32f4xx_hal_uart.o
HAL_UART_ErrorCallback                            build/stm32f4xx_hal_uart.o
HAL_UART_GetError                                 build/stm32f4xx_hal_uart.o
HAL_UART_GetState                                 build/stm32f4xx_hal_uart.o
HAL_UART_IRQHandler                               build/stm32f4xx_hal_uart.o
HAL_UART_Init                                     build/stm32f4xx_hal_uart.o
                                                  build/usart.o
HAL_UART_MspDeInit                                build/usart.o
                                                  build/stm32f4xx_hal_uart.o
HAL_UART_MspInit                                  build/usart.o
                                                  build/stm32f4xx_hal_uart.o
HAL_UART_Receive                                  build/stm32f4xx_hal_uart.o
HAL_UART_Receive_DMA                              build/stm32f4xx_hal_uart.o
HAL_UART_Receive_IT                               build/stm32f4xx_hal_uart.o
HAL_UART_RxCpltCallback                           build/stm32f4xx_hal_uart.o
HAL_UART_RxHalfCpltCallback                       build/stm32f4xx_hal_uart.o
HAL_UART_Transmit                                 build/stm32f4xx_hal_uart.o
                                                  build/can.o
HAL_UART_Transmit_DMA                             build/stm32f4xx_hal_uart.o
HAL_UART_Transmit_IT                              build/stm32f4xx_hal_uart.o
HAL_UART_TxCpltCallback                           build/stm32f4xx_hal_uart.o
HAL_UART_TxHalfCpltCallback                       build/stm32f4xx_hal_uart.o
HardFault_Handler                                 build/stm32f4xx_it.o
I2C1_ER_IRQHandler                                build/startup_stm32f446xx.o
I2C1_EV_IRQHandler                                build/startup_stm32f446xx.o
I2C2_ER_IRQHandler                                build/startup_stm32f446xx.o
I2C2_EV_IRQHandler                                build/startup_stm32f446xx.o
I2C3_ER_IRQHandler                                build/startup_stm32f446xx.o
I2C3_EV_IRQHandler                                build/startup_stm32f446xx.o
MX_CAN1_Init                                      build/can.o
                                                  build/main.o
MX_GPIO_Init                                      build/gpio.o
                                                  build/main.o
MX_USART2_UART_Init                               build/usart.o
                                                  build/main.o
MemManage_Handler                                 build/stm32f4xx_it.o
NMI_Handler                                       build/stm32f4xx_it.o
OTG_FS_IRQHandler                                 build/startup_stm32f446xx.o
OTG_FS_WKUP_IRQHandler                            build/startup_stm32f446xx.o
OTG_HS_EP1_IN_IRQHandler                          build/startup_stm32f446xx.o
OTG_HS_EP1_OUT_IRQHandler                         build/startup_stm32f446xx.o
OTG_HS_IRQHandler                                 build/startup_stm32f446xx.o
OTG_HS_WKUP_IRQHandler                            build/startup_stm32f446xx.o
PVD_IRQHandler                                    build/startup_stm32f446xx.o
PendSV_Handler                                    build/stm32f4xx_it.o
QUADSPI_IRQHandler                                build/startup_stm32f446xx.o
RCC_IRQHandler                                    build/startup_stm32f446xx.o
RTC_Alarm_IRQHandler                              build/startup_stm32f446xx.o
RTC_WKUP_IRQHandler                               build/startup_stm32f446xx.o
Reset_Handler                                     build/startup_stm32f446xx.o
SAI1_IRQHandler                                   build/startup_stm32f446xx.o
SAI2_IRQHandler                                   build/startup_stm32f446xx.o
SDIO_IRQHandler                                   build/startup_stm32f446xx.o
SPDIF_RX_IRQHandler                               build/startup_stm32f446xx.o
SPI1_IRQHandler                                   build/startup_stm32f446xx.o
SPI2_IRQHandler                                   build/startup_stm32f446xx.o
SPI3_IRQHandler                                   build/startup_stm32f446xx.o
SPI4_IRQHandler                                   build/startup_stm32f446xx.o
SVC_Handler                                       build/stm32f4xx_it.o
SysTick_Handler                                   build/stm32f4xx_it.o
SystemClock_Config                                build/main.o
SystemCoreClock                                   build/system_stm32f4xx.o
                                                  build/stm32f4xx_hal.o
                                                  build/stm32f4xx_hal_dma.o
                                                  build/stm32f4xx_hal_rcc_ex.o
                                                  build/stm32f4xx_hal_rcc.o
SystemCoreClockUpdate                             build/system_stm32f4xx.o
SystemInit                                        build/system_stm32f4xx.o
                                                  build/startup_stm32f446xx.o
TAMP_STAMP_IRQHandler                             build/startup_stm32f446xx.o
TIM1_BRK_TIM9_IRQHandler                          build/startup_stm32f446xx.o
TIM1_CC_IRQHandler                                build/startup_stm32f446xx.o
TIM1_TRG_COM_TIM11_IRQHandler                     build/startup_stm32f446xx.o
TIM1_UP_TIM10_IRQHandler                          build/startup_stm32f446xx.o
TIM2_IRQHandler                                   build/startup_stm32f446xx.o
TIM3_IRQHandler                                   build/startup_stm32f446xx.o
TIM4_IRQHandler                                   build/startup_stm32f446xx.o
TIM5_IRQHandler                                   build/startup_stm32f446xx.o
TIM6_DAC_IRQHandler                               build/startup_stm32f446xx.o
TIM7_IRQHandler                                   build/startup_stm32f446xx.o
TIM8_BRK_TIM12_IRQHandler                         build/startup_stm32f446xx.o
TIM8_CC_IRQHandler                                build/startup_stm32f446xx.o
TIM8_TRG_COM_TIM14_IRQHandler                     build/startup_stm32f446xx.o
TIM8_UP_TIM13_IRQHandler                          build/startup_stm32f446xx.o
UART4_IRQHandler                                  build/startup_stm32f446xx.o
UART5_IRQHandler                                  build/startup_stm32f446xx.o
UART_Start_Receive_DMA                            build/stm32f4xx_hal_uart.o
UART_Start_Receive_IT                             build/stm32f4xx_hal_uart.o
USART1_IRQHandler                                 build/startup_stm32f446xx.o
USART2_IRQHandler                                 build/startup_stm32f446xx.o
USART3_IRQHandler                                 build/startup_stm32f446xx.o
USART6_IRQHandler                                 build/startup_stm32f446xx.o
UsageFault_Handler                                build/stm32f4xx_it.o
WWDG_IRQHandler                                   build/startup_stm32f446xx.o
_ITM_deregisterTMCloneTable                       /usr/lib/gcc/arm-none-eabi/10.3.1/thumb/v7e-m+fp/hard/crtbegin.o
_ITM_registerTMCloneTable                         /usr/lib/gcc/arm-none-eabi/10.3.1/thumb/v7e-m+fp/hard/crtbegin.o
_Min_Stack_Size                                   build/sysmem.o
__TMC_END__                                       /usr/lib/gcc/arm-none-eabi/10.3.1/thumb/v7e-m+fp/hard/crtend.o
                                                  /usr/lib/gcc/arm-none-eabi/10.3.1/thumb/v7e-m+fp/hard/crtbegin.o
__adddf3                                          /usr/lib/gcc/arm-none-eabi/10.3.1/thumb/v7e-m+fp/hard/libgcc.a(_arm_addsubdf3.o)
__aeabi_d2iz                                      /usr/lib/gcc/arm-none-eabi/10.3.1/thumb/v7e-m+fp/hard/libgcc.a(_arm_fixdfsi.o)
                                                  build/hvcb.o
                                                  build/mcb.o
__aeabi_d2uiz                                     /usr/lib/gcc/arm-none-eabi/10.3.1/thumb/v7e-m+fp/hard/libgcc.a(_arm_fixunsdfsi.o)
                                                  /usr/lib/gcc/arm-none-eabi/10.3.1/thumb/v7e-m+fp/hard/libgcc.a(_fixunsdfdi.o)
                                                  build/can.o
                                                  build/hvcb.o
                                                  build/mcb.o
__aeabi_d2ulz                                     /usr/lib/gcc/arm-none-eabi/10.3.1/thumb/v7e-m+fp/hard/libgcc.a(_fixunsdfdi.o)
                                                  build/mcb.o
__aeabi_dadd                                      /usr/lib/gcc/arm-none-eabi/10.3.1/thumb/v7e-m+fp/hard/libgcc.a(_arm_addsubdf3.o)
                                                  build/hvcb.o
                                                  build/mcb.o
__aeabi_ddiv                                      /usr/lib/gcc/arm-none-eabi/10.3.1/thumb/v7e-m+fp/hard/libgcc.a(_arm_muldivdf3.o)
                                                  build/hvcb.o
                                                  build/mcb.o
__aeabi_dmul                                      /usr/lib/gcc/arm-none-eabi/10.3.1/thumb/v7e-m+fp/hard/libgcc.a(_arm_muldivdf3.o)